Component: ARM Compiler 5.06 update 7 (build 960) Tool: armlink [4d3601]

==============================================================================

Section Cross References

    main.o(i.main) refers to at32f403a_407_wk_config.o(i.wk_system_clock_config) for wk_system_clock_config
    main.o(i.main) refers to at32f403a_407_wk_config.o(i.wk_periph_clock_config) for wk_periph_clock_config
    main.o(i.main) refers to at32f403a_407_wk_config.o(i.wk_debug_config) for wk_debug_config
    main.o(i.main) refers to at32f403a_407_wk_config.o(i.wk_nvic_config) for wk_nvic_config
    main.o(i.main) refers to wk_system.o(i.wk_timebase_init) for wk_timebase_init
    main.o(i.main) refers to at32f403a_407_wk_config.o(i.wk_tmr2_init) for wk_tmr2_init
    at32f403a_407_wk_config.o(i.wk_debug_config) refers to at32f403a_407_gpio.o(i.gpio_pin_remap_config) for gpio_pin_remap_config
    at32f403a_407_wk_config.o(i.wk_nvic_config) refers to at32f403a_407_misc.o(i.nvic_priority_group_config) for nvic_priority_group_config
    at32f403a_407_wk_config.o(i.wk_nvic_config) refers to at32f403a_407_wk_config.o(i.__NVIC_GetPriorityGrouping) for __NVIC_GetPriorityGrouping
    at32f403a_407_wk_config.o(i.wk_nvic_config) refers to at32f403a_407_wk_config.o(i.NVIC_EncodePriority) for NVIC_EncodePriority
    at32f403a_407_wk_config.o(i.wk_nvic_config) refers to at32f403a_407_wk_config.o(i.__NVIC_SetPriority) for __NVIC_SetPriority
    at32f403a_407_wk_config.o(i.wk_periph_clock_config) refers to at32f403a_407_crm.o(i.crm_periph_clock_enable) for crm_periph_clock_enable
    at32f403a_407_wk_config.o(i.wk_system_clock_config) refers to at32f403a_407_crm.o(i.crm_reset) for crm_reset
    at32f403a_407_wk_config.o(i.wk_system_clock_config) refers to at32f403a_407_crm.o(i.crm_clock_source_enable) for crm_clock_source_enable
    at32f403a_407_wk_config.o(i.wk_system_clock_config) refers to at32f403a_407_crm.o(i.crm_flag_get) for crm_flag_get
    at32f403a_407_wk_config.o(i.wk_system_clock_config) refers to at32f403a_407_crm.o(i.crm_hext_stable_wait) for crm_hext_stable_wait
    at32f403a_407_wk_config.o(i.wk_system_clock_config) refers to at32f403a_407_crm.o(i.crm_pll_config) for crm_pll_config
    at32f403a_407_wk_config.o(i.wk_system_clock_config) refers to at32f403a_407_crm.o(i.crm_ahb_div_set) for crm_ahb_div_set
    at32f403a_407_wk_config.o(i.wk_system_clock_config) refers to at32f403a_407_crm.o(i.crm_apb2_div_set) for crm_apb2_div_set
    at32f403a_407_wk_config.o(i.wk_system_clock_config) refers to at32f403a_407_crm.o(i.crm_apb1_div_set) for crm_apb1_div_set
    at32f403a_407_wk_config.o(i.wk_system_clock_config) refers to at32f403a_407_crm.o(i.crm_auto_step_mode_enable) for crm_auto_step_mode_enable
    at32f403a_407_wk_config.o(i.wk_system_clock_config) refers to at32f403a_407_crm.o(i.crm_sysclk_switch) for crm_sysclk_switch
    at32f403a_407_wk_config.o(i.wk_system_clock_config) refers to at32f403a_407_crm.o(i.crm_sysclk_switch_status_get) for crm_sysclk_switch_status_get
    at32f403a_407_wk_config.o(i.wk_system_clock_config) refers to system_at32f403a_407.o(i.system_core_clock_update) for system_core_clock_update
    at32f403a_407_wk_config.o(i.wk_tmr2_init) refers to at32f403a_407_gpio.o(i.gpio_default_para_init) for gpio_default_para_init
    at32f403a_407_wk_config.o(i.wk_tmr2_init) refers to at32f403a_407_gpio.o(i.gpio_init) for gpio_init
    at32f403a_407_wk_config.o(i.wk_tmr2_init) refers to at32f403a_407_gpio.o(i.gpio_pin_remap_config) for gpio_pin_remap_config
    at32f403a_407_wk_config.o(i.wk_tmr2_init) refers to at32f403a_407_tmr.o(i.tmr_base_init) for tmr_base_init
    at32f403a_407_wk_config.o(i.wk_tmr2_init) refers to at32f403a_407_tmr.o(i.tmr_cnt_dir_set) for tmr_cnt_dir_set
    at32f403a_407_wk_config.o(i.wk_tmr2_init) refers to at32f403a_407_tmr.o(i.tmr_clock_source_div_set) for tmr_clock_source_div_set
    at32f403a_407_wk_config.o(i.wk_tmr2_init) refers to at32f403a_407_tmr.o(i.tmr_period_buffer_enable) for tmr_period_buffer_enable
    at32f403a_407_wk_config.o(i.wk_tmr2_init) refers to at32f403a_407_tmr.o(i.tmr_sub_sync_mode_set) for tmr_sub_sync_mode_set
    at32f403a_407_wk_config.o(i.wk_tmr2_init) refers to at32f403a_407_tmr.o(i.tmr_primary_mode_select) for tmr_primary_mode_select
    at32f403a_407_wk_config.o(i.wk_tmr2_init) refers to at32f403a_407_tmr.o(i.tmr_output_channel_config) for tmr_output_channel_config
    at32f403a_407_wk_config.o(i.wk_tmr2_init) refers to at32f403a_407_tmr.o(i.tmr_channel_value_set) for tmr_channel_value_set
    at32f403a_407_wk_config.o(i.wk_tmr2_init) refers to at32f403a_407_tmr.o(i.tmr_output_channel_buffer_enable) for tmr_output_channel_buffer_enable
    at32f403a_407_wk_config.o(i.wk_tmr2_init) refers to at32f403a_407_tmr.o(i.tmr_output_channel_immediately_set) for tmr_output_channel_immediately_set
    at32f403a_407_wk_config.o(i.wk_tmr2_init) refers to at32f403a_407_tmr.o(i.tmr_counter_enable) for tmr_counter_enable
[...]
    at32f403a_407_flash.o(i.flash_spim_mass_program) refers to at32f403a_407_flash.o(i.flash_spim_operation_wait_for) for flash_spim_operation_wait_for
    at32f403a_407_flash.o(i.flash_spim_mass_program) refers to at32f403a_407_flash.o(i.flash_spim_dummy_read) for flash_spim_dummy_read
    at32f403a_407_flash.o(i.flash_spim_model_select) refers to at32f403a_407_flash.o(i.flash_spim_dummy_read) for flash_spim_dummy_read
    at32f403a_407_flash.o(i.flash_spim_operation_wait_for) refers to at32f403a_407_flash.o(i.flash_spim_operation_status_get) for flash_spim_operation_status_get
    at32f403a_407_flash.o(i.flash_ssb_set) refers to at32f403a_407_flash.o(i.flash_operation_wait_for) for flash_operation_wait_for
    at32f403a_407_flash.o(i.flash_user_system_data_erase) refers to at32f403a_407_flash.o(i.flash_fap_status_get) for flash_fap_status_get
    at32f403a_407_flash.o(i.flash_user_system_data_erase) refers to at32f403a_407_flash.o(i.flash_operation_wait_for) for flash_operation_wait_for
    at32f403a_407_flash.o(i.flash_user_system_data_program) refers to at32f403a_407_flash.o(i.flash_operation_wait_for) for flash_operation_wait_for
    at32f403a_407_flash.o(i.flash_word_program) refers to at32f403a_407_flash.o(i.flash_bank1_operation_wait_for) for flash_bank1_operation_wait_for
    at32f403a_407_flash.o(i.flash_word_program) refers to at32f403a_407_flash.o(i.flash_bank2_operation_wait_for) for flash_bank2_operation_wait_for
    at32f403a_407_flash.o(i.flash_word_program) refers to at32f403a_407_flash.o(i.flash_spim_operation_wait_for) for flash_spim_operation_wait_for
    at32f403a_407_flash.o(i.flash_word_program) refers to at32f403a_407_flash.o(i.flash_spim_dummy_read) for flash_spim_dummy_read
    startup_at32f403a_407.o(STACK) refers (Special) to heapauxi.o(.text) for __use_two_region_memory
    startup_at32f403a_407.o(HEAP) refers (Special) to heapauxi.o(.text) for __use_two_region_memory
    startup_at32f403a_407.o(RESET) refers (Special) to heapauxi.o(.text) for __use_two_region_memory
    startup_at32f403a_407.o(RESET) refers to startup_at32f403a_407.o(STACK) for __initial_sp
    startup_at32f403a_407.o(RESET) refers to startup_at32f403a_407.o(.text) for Reset_Handler
    startup_at32f403a_407.o(RESET) refers to at32f403a_407_int.o(i.NMI_Handler) for NMI_Handler
    startup_at32f403a_407.o(RESET) refers to at32f403a_407_int.o(i.HardFault_Handler) for HardFault_Handler
    startup_at32f403a_407.o(RESET) refers to at32f403a_407_int.o(i.MemManage_Handler) for MemManage_Handler
    startup_at32f403a_407.o(RESET) refers to at32f403a_407_int.o(i.BusFault_Handler) for BusFault_Handler
    startup_at32f403a_407.o(RESET) refers to at32f403a_407_int.o(i.UsageFault_Handler) for UsageFault_Handler
    startup_at32f403a_407.o(RESET) refers to at32f403a_407_int.o(i.SVC_Handler) for SVC_Handler
    startup_at32f403a_407.o(RESET) refers to at32f403a_407_int.o(i.DebugMon_Handler) for DebugMon_Handler
    startup_at32f403a_407.o(RESET) refers to at32f403a_407_int.o(i.PendSV_Handler) for PendSV_Handler
    startup_at32f403a_407.o(RESET) refers to at32f403a_407_int.o(i.SysTick_Handler) for SysTick_Handler
    startup_at32f403a_407.o(.text) refers (Special) to heapauxi.o(.text) for __use_two_region_memory
    startup_at32f403a_407.o(.text) refers to system_at32f403a_407.o(i.SystemInit) for SystemInit
    startup_at32f403a_407.o(.text) refers to __main.o(!!!main) for __main
    startup_at32f403a_407.o(.text) refers to startup_at32f403a_407.o(HEAP) for Heap_Mem
    startup_at32f403a_407.o(.text) refers to startup_at32f403a_407.o(STACK) for Stack_Mem
    system_at32f403a_407.o(i.system_core_clock_update) refers to at32f403a_407_crm.o(i.crm_sysclk_switch_status_get) for crm_sysclk_switch_status_get
    system_at32f403a_407.o(i.system_core_clock_update) refers to system_at32f403a_407.o(.data) for system_core_clock
    system_at32f403a_407.o(i.system_core_clock_update) refers to system_at32f403a_407.o(.constdata) for sys_ahb_div_table
    __main.o(!!!main) refers to __rtentry.o(.ARM.Collect$$rtentry$$00000000) for __rt_entry
    __rtentry.o(.ARM.Collect$$rtentry$$00000000) refers (Special) to __rtentry2.o(.ARM.Collect$$rtentry$$0000000A) for __rt_entry_li
    __rtentry.o(.ARM.Collect$$rtentry$$00000000) refers (Special) to __rtentry2.o(.ARM.Collect$$rtentry$$0000000D) for __rt_entry_main
    __rtentry.o(.ARM.Collect$$rtentry$$00000000) refers (Special) to __rtentry2.o(.ARM.Collect$$rtentry$$0000000C) for __rt_entry_postli_1
    __rtentry.o(.ARM.Collect$$rtentry$$00000000) refers (Special) to __rtentry2.o(.ARM.Collect$$rtentry$$00000009) for __rt_entry_postsh_1
    __rtentry.o(.ARM.Collect$$rtentry$$00000000) refers (Special) to __rtentry2.o(.ARM.Collect$$rtentry$$00000002) for __rt_entry_presh_1
    __rtentry.o(.ARM.Collect$$rtentry$$00000000) refers (Special) to __rtentry4.o(.ARM.Collect$$rtentry$$00000004) for __rt_entry_sh
    __rtentry2.o(.ARM.Collect$$rtentry$$00000008) refers to boardinit2.o(.text) for _platform_post_stackheap_init
    __rtentry2.o(.ARM.Collect$$rtentry$$0000000A) refers to libinit.o(.ARM.Collect$$libinit$$00000000) for __rt_lib_init
    __rtentry2.o(.ARM.Collect$$rtentry$$0000000B) refers to boardinit3.o(.text) for _platform_post_lib_init
    __rtentry2.o(.ARM.Collect$$rtentry$$0000000D) refers to main.o(i.main) for main
    __rtentry2.o(.ARM.Collect$$rtentry$$0000000D) refers to exit.o(.text) for exit
    __rtentry2.o(.ARM.exidx) refers to __rtentry2.o(.ARM.Collect$$rtentry$$00000001) for .ARM.Collect$$rtentry$$00000001
    __rtentry2.o(.ARM.exidx) refers to __rtentry2.o(.ARM.Collect$$rtentry$$00000008) for .ARM.Collect$$rtentry$$00000008
    __rtentry2.o(.ARM.exidx) refers to __rtentry2.o(.ARM.Collect$$rtentry$$0000000A) for .ARM.Collect$$rtentry$$0000000A
    __rtentry2.o(.ARM.exidx) refers to __rtentry2.o(.ARM.Collect$$rtentry$$0000000B) for .ARM.Collect$$rtentry$$0000000B
    __rtentry2.o(.ARM.exidx) refers to __rtentry2.o(.ARM.Collect$$rtentry$$0000000D) for .ARM.Collect$$rtentry$$0000000D
    __rtentry4.o(.ARM.Collect$$rtentry$$00000004) refers to sys_stackheap_outer.o(.text) for __user_setup_stackheap
    __rtentry4.o(.ARM.exidx) refers to __rtentry4.o(.ARM.Collect$$rtentry$$00000004) for .ARM.Collect$$rtentry$$00000004
    sys_stackheap_outer.o(.text) refers to libspace.o(.text) for __user_perproc_libspace
    sys_stackheap_outer.o(.text) refers to startup_at32f403a_407.o(.text) for __user_initial_stackheap
    exit.o(.text) refers to rtexit.o(.ARM.Collect$$rtexit$$00000000) for __rt_exit
    libinit.o(.ARM.Collect$$libinit$$00000000) refers (Special) to libinit2.o(.ARM.Collect$$libinit$$0000002E) for __rt_lib_init_alloca_1
    libinit.o(.ARM.Collect$$libinit$$00000000) refers (Special) to libinit2.o(.ARM.Collect$$libinit$$0000002C) for __rt_lib_init_argv_1
    libinit.o(.ARM.Collect$$libinit$$00000000) refers (Special) to libinit2.o(.ARM.Collect$$libinit$$0000001B) for __rt_lib_init_atexit_1
    libinit.o(.ARM.Collect$$libinit$$00000000) refers (Special) to libinit2.o(.ARM.Collect$$libinit$$00000021) for __rt_lib_init_clock_1
    libinit.o(.ARM.Collect$$libinit$$00000000) refers (Special) to libinit2.o(.ARM.Collect$$libinit$$00000032) for __rt_lib_init_cpp_1
    libinit.o(.ARM.Collect$$libinit$$00000000) refers (Special) to libinit2.o(.ARM.Collect$$libinit$$00000030) for __rt_lib_init_exceptions_1
    libinit.o(.ARM.Collect$$libinit$$00000000) refers (Special) to libinit2.o(.ARM.Collect$$libinit$$00000001) for __rt_lib_init_fp_1
    libinit.o(.ARM.Collect$$libinit$$00000000) refers (Special) to libinit2.o(.ARM.Collect$$libinit$$0000001F) for __rt_lib_init_fp_trap_1
    libinit.o(.ARM.Collect$$libinit$$00000000) refers (Special) to libinit2.o(.ARM.Collect$$libinit$$00000023) for __rt_lib_init_getenv_1
    libinit.o(.ARM.Collect$$libinit$$00000000) refers (Special) to libinit2.o(.ARM.Collect$$libinit$$0000000A) for __rt_lib_init_heap_1
    libinit.o(.ARM.Collect$$libinit$$00000000) refers (Special) to libinit2.o(.ARM.Collect$$libinit$$00000011) for __rt_lib_init_lc_collate_1
    libinit.o(.ARM.Collect$$libinit$$00000000) refers (Special) to libinit2.o(.ARM.Collect$$libinit$$00000013) for __rt_lib_init_lc_ctype_1
    libinit.o(.ARM.Collect$$libinit$$00000000) refers (Special) to libinit2.o(.ARM.Collect$$libinit$$00000015) for __rt_lib_init_lc_monetary_1
    libinit.o(.ARM.Collect$$libinit$$00000000) refers (Special) to libinit2.o(.ARM.Collect$$libinit$$00000017) for __rt_lib_init_lc_numeric_1
    libinit.o(.ARM.Collect$$libinit$$00000000) refers (Special) to libinit2.o(.ARM.Collect$$libinit$$00000019) for __rt_lib_init_lc_time_1
    libinit.o(.ARM.Collect$$libinit$$00000000) refers (Special) to libinit2.o(.ARM.Collect$$libinit$$00000004) for __rt_lib_init_preinit_1
    libinit.o(.ARM.Collect$$libinit$$00000000) refers (Special) to libinit2.o(.ARM.Collect$$libinit$$0000000E) for __rt_lib_init_rand_1
    libinit.o(.ARM.Collect$$libinit$$00000000) refers (Special) to libinit2.o(.ARM.Collect$$libinit$$00000033) for __rt_lib_init_return
    libinit.o(.ARM.Collect$$libinit$$00000000) refers (Special) to libinit2.o(.ARM.Collect$$libinit$$0000001D) for __rt_lib_init_signal_1
    libinit.o(.ARM.Collect$$libinit$$00000000) refers (Special) to libinit2.o(.ARM.Collect$$libinit$$00000025) for __rt_lib_init_stdio_1
    libinit.o(.ARM.Collect$$libinit$$00000000) refers (Special) to libinit2.o(.ARM.Collect$$libinit$$0000000C) for __rt_lib_init_user_alloc_1
    libspace.o(.text) refers to libspace.o(.bss) for __libspace_start
    rtexit.o(.ARM.Collect$$rtexit$$00000000) refers (Special) to rtexit2.o(.ARM.Collect$$rtexit$$00000004) for __rt_exit_exit
    rtexit.o(.ARM.Collect$$rtexit$$00000000) refers (Special) to rtexit2.o(.ARM.Collect$$rtexit$$00000003) for __rt_exit_ls
    rtexit.o(.ARM.Collect$$rtexit$$00000000) refers (Special) to rtexit2.o(.ARM.Collect$$rtexit$$00000002) for __rt_exit_prels_1
    rtexit.o(.ARM.exidx) refers (Special) to rtexit2.o(.ARM.Collect$$rtexit$$00000004) for __rt_exit_exit
    rtexit.o(.ARM.exidx) refers (Special) to rtexit2.o(.ARM.Collect$$rtexit$$00000003) for __rt_exit_ls
    rtexit.o(.ARM.exidx) refers (Special) to rtexit2.o(.ARM.Collect$$rtexit$$00000002) for __rt_exit_prels_1
    rtexit.o(.ARM.exidx) refers to rtexit.o(.ARM.Collect$$rtexit$$00000000) for .ARM.Collect$$rtexit$$00000000
    libinit2.o(.ARM.Collect$$libinit$$00000001) refers to fpinit.o(x$fpl$fpinit) for _fp_init
    libinit2.o(.ARM.Collect$$libinit$$00000010) refers to libinit2.o(.ARM.Collect$$libinit$$0000000F) for .ARM.Collect$$libinit$$0000000F
    libinit2.o(.ARM.Collect$$libinit$$00000012) refers to libinit2.o(.ARM.Collect$$libinit$$0000000F) for .ARM.Collect$$libinit$$0000000F
    libinit2.o(.ARM.Collect$$libinit$$00000014) refers to libinit2.o(.ARM.Collect$$libinit$$0000000F) for .ARM.Collect$$libinit$$0000000F
    libinit2.o(.ARM.Collect$$libinit$$00000016) refers to libinit2.o(.ARM.Collect$$libinit$$0000000F) for .ARM.Collect$$libinit$$0000000F
    libinit2.o(.ARM.Collect$$libinit$$00000018) refers to libinit2.o(.ARM.Collect$$libinit$$0000000F) for .ARM.Collect$$libinit$$0000000F
    libinit2.o(.ARM.Collect$$libinit$$00000026) refers to argv_veneer.o(.emb_text) for __ARM_argv_veneer
    libinit2.o(.ARM.Collect$$libinit$$00000027) refers to argv_veneer.o(.emb_text) for __ARM_argv_veneer
    rtexit2.o(.ARM.Collect$$rtexit$$00000003) refers to libshutdown.o(.ARM.Collect$$libshutdown$$00000000) for __rt_lib_shutdown
    rtexit2.o(.ARM.Collect$$rtexit$$00000004) refers to sys_exit.o(.text) for _sys_exit
    rtexit2.o(.ARM.exidx) refers to rtexit2.o(.ARM.Collect$$rtexit$$00000001) for .ARM.Collect$$rtexit$$00000001
    rtexit2.o(.ARM.exidx) refers to rtexit2.o(.ARM.Collect$$rtexit$$00000003) for .ARM.Collect$$rtexit$$00000003
    rtexit2.o(.ARM.exidx) refers to rtexit2.o(.ARM.Collect$$rtexit$$00000004) for .ARM.Collect$$rtexit$$00000004
    argv_veneer.o(.emb_text) refers to no_argv.o(.text) for __ARM_get_argv
    sys_exit.o(.text) refers (Special) to use_no_semi.o(.text) for __I$use$semihosting
    sys_exit.o(.text) refers (Special) to indicate_semi.o(.text) for __semihosting_library_function
    _get_argv_nomalloc.o(.text) refers (Special) to hrguard.o(.text) for __heap_region$guard
    _get_argv_nomalloc.o(.text) refers to defsig_rtmem_outer.o(.text) for __rt_SIGRTMEM
    _get_argv_nomalloc.o(.text) refers to sys_command.o(.text) for _sys_command_string
    libshutdown.o(.ARM.Collect$$libshutdown$$00000000) refers (Special) to libshutdown2.o(.ARM.Collect$$libshutdown$$00000004) for __rt_lib_shutdown_cpp_1
    libshutdown.o(.ARM.Collect$$libshutdown$$00000000) refers (Special) to libshutdown2.o(.ARM.Collect$$libshutdown$$00000002) for __rt_lib_shutdown_fini_1
    libshutdown.o(.ARM.Collect$$libshutdown$$00000000) refers (Special) to libshutdown2.o(.ARM.Collect$$libshutdown$$00000009) for __rt_lib_shutdown_fp_trap_1
    libshutdown.o(.ARM.Collect$$libshutdown$$00000000) refers (Special) to libshutdown2.o(.ARM.Collect$$libshutdown$$00000011) for __rt_lib_shutdown_heap_1
    libshutdown.o(.ARM.Collect$$libshutdown$$00000000) refers (Special) to libshutdown2.o(.ARM.Collect$$libshutdown$$00000012) for __rt_lib_shutdown_return
    libshutdown.o(.ARM.Collect$$libshutdown$$00000000) refers (Special) to libshutdown2.o(.ARM.Collect$$libshutdown$$0000000C) for __rt_lib_shutdown_signal_1
    libshutdown.o(.ARM.Collect$$libshutdown$$00000000) refers (Special) to libshutdown2.o(.ARM.Collect$$libshutdown$$00000006) for __rt_lib_shutdown_stdio_1
    libshutdown.o(.ARM.Collect$$libshutdown$$00000000) refers (Special) to libshutdown2.o(.ARM.Collect$$libshutdown$$0000000E) for __rt_lib_shutdown_user_alloc_1
    sys_command.o(.text) refers (Special) to use_no_semi.o(.text) for __I$use$semihosting
    sys_command.o(.text) refers (Special) to indicate_semi.o(.text) for __semihosting_library_function
    defsig_rtmem_outer.o(.text) refers to defsig_rtmem_inner.o(.text) for __rt_SIGRTMEM_inner
    defsig_rtmem_outer.o(.text) refers to defsig_exit.o(.text) for __sig_exit
    defsig_rtmem_formal.o(.text) refers to rt_raise.o(.text) for __rt_raise
    rt_raise.o(.text) refers to __raise.o(.text) for __raise
    rt_raise.o(.text) refers to sys_exit.o(.text) for _sys_exit
    defsig_exit.o(.text) refers to sys_exit.o(.text) for _sys_exit
    defsig_rtmem_inner.o(.text) refers to defsig_general.o(.text) for __default_signal_display
    __raise.o(.text) refers to defsig.o(CL$$defsig) for __default_signal_handler
    defsig_general.o(.text) refers to sys_wrch.o(.text) for _ttywrch
    sys_wrch.o(.text) refers (Special) to use_no_semi.o(.text) for __I$use$semihosting
    sys_wrch.o(.text) refers (Special) to indicate_semi.o(.text) for __semihosting_library_function
    defsig.o(CL$$defsig) refers to defsig_rtmem_inner.o(.text) for __rt_SIGRTMEM_inner
    defsig_abrt_inner.o(.text) refers to defsig_general.o(.text) for __default_signal_display
    defsig_fpe_inner.o(.text) refers to defsig_general.o(.text) for __default_signal_display
    defsig_rtred_inner.o(.text) refers to defsig_general.o(.text) for __default_signal_display
    defsig_stak_inner.o(.text) refers to defsig_general.o(.text) for __default_signal_display
    defsig_pvfn_inner.o(.text) refers to defsig_general.o(.text) for __default_signal_display
    defsig_cppl_inner.o(.text) refers to defsig_general.o(.text) for __default_signal_display
    defsig_segv_inner.o(.text) refers to defsig_general.o(.text) for __default_signal_display
    defsig_other.o(.text) refers to defsig_general.o(.text) for __default_signal_display


==============================================================================

Removing Unused input sections from the image.

    Removing main.o(.rev16_text), (4 bytes).
    Removing main.o(.revsh_text), (4 bytes).
    Removing main.o(.rrx_text), (6 bytes).
    Removing at32f403a_407_wk_config.o(.rev16_text), (4 bytes).
    Removing at32f403a_407_wk_config.o(.revsh_text), (4 bytes).
    Removing at32f403a_407_wk_config.o(.rrx_text), (6 bytes).
    Removing at32f403a_407_int.o(.rev16_text), (4 bytes).
    Removing at32f403a_407_int.o(.revsh_text), (4 bytes).
    Removing at32f403a_407_int.o(.rrx_text), (6 bytes).
    Removing wk_system.o(.rev16_text), (4 bytes).
    Removing wk_system.o(.revsh_text), (4 bytes).
    Removing wk_system.o(.rrx_text), (6 bytes).
    Removing wk_system.o(i.delay_us), (56 bytes).
    Removing wk_system.o(i.wk_delay_ms), (42 bytes).
    Removing at32f403a_407_crm.o(.rev16_text), (4 bytes).
    Removing at32f403a_407_crm.o(.revsh_text), (4 bytes).
    Removing at32f403a_407_crm.o(.rrx_text), (6 bytes).
    Removing at32f403a_407_crm.o(i.crm_adc_clock_div_set), (32 bytes).
    Removing at32f403a_407_crm.o(i.crm_battery_powered_domain_reset), (20 bytes).
    Removing at32f403a_407_crm.o(i.crm_clkout_div_set), (20 bytes).
    Removing at32f403a_407_crm.o(i.crm_clkout_to_tmr10_enable), (20 bytes).
    Removing at32f403a_407_crm.o(i.crm_clock_failure_detection_enable), (20 bytes).
    Removing at32f403a_407_crm.o(i.crm_clock_out_set), (32 bytes).
    Removing at32f403a_407_crm.o(i.crm_flag_clear), (212 bytes).
    Removing at32f403a_407_crm.o(i.crm_hext_bypass), (20 bytes).
    Removing at32f403a_407_crm.o(i.crm_hext_clock_div_set), (20 bytes).
    Removing at32f403a_407_crm.o(i.crm_hick_clock_calibration_set), (40 bytes).
    Removing at32f403a_407_crm.o(i.crm_hick_clock_trimming_set), (20 bytes).
    Removing at32f403a_407_crm.o(i.crm_hick_divider_select), (20 bytes).
    Removing at32f403a_407_crm.o(i.crm_hick_sclk_frequency_select), (28 bytes).
    Removing at32f403a_407_crm.o(i.crm_interrupt_enable), (32 bytes).
    Removing at32f403a_407_crm.o(i.crm_interrupt_flag_get), (176 bytes).
    Removing at32f403a_407_crm.o(i.crm_lext_bypass), (20 bytes).
    Removing at32f403a_407_crm.o(i.crm_periph_reset), (68 bytes).
    Removing at32f403a_407_crm.o(i.crm_periph_sleep_mode_clock_enable), (68 bytes).
    Removing at32f403a_407_crm.o(i.crm_rtc_clock_enable), (20 bytes).
    Removing at32f403a_407_crm.o(i.crm_rtc_clock_select), (20 bytes).
    Removing at32f403a_407_crm.o(i.crm_usb_clock_div_set), (32 bytes).
    Removing at32f403a_407_crm.o(i.crm_usb_clock_source_select), (32 bytes).
    Removing at32f403a_407_crm.o(i.crm_usb_interrupt_remapping_set), (20 bytes).
    Removing at32f403a_407_tmr.o(.rev16_text), (4 bytes).
    Removing at32f403a_407_tmr.o(.revsh_text), (4 bytes).
    Removing at32f403a_407_tmr.o(.rrx_text), (6 bytes).
    Removing at32f403a_407_tmr.o(i.tmr_32_bit_function_enable), (28 bytes).
    Removing at32f403a_407_tmr.o(i.tmr_brkdt_config), (72 bytes).
    Removing at32f403a_407_tmr.o(i.tmr_brkdt_default_para_init), (18 bytes).
    Removing at32f403a_407_tmr.o(i.tmr_channel1_input_select), (10 bytes).
    Removing at32f403a_407_tmr.o(i.tmr_channel_buffer_enable), (10 bytes).
    Removing at32f403a_407_tmr.o(i.tmr_channel_dma_select), (10 bytes).
    Removing at32f403a_407_tmr.o(i.tmr_channel_enable), (96 bytes).
    Removing at32f403a_407_tmr.o(i.tmr_channel_value_get), (46 bytes).
    Removing at32f403a_407_tmr.o(i.tmr_counter_value_get), (6 bytes).
    Removing at32f403a_407_tmr.o(i.tmr_counter_value_set), (4 bytes).
    Removing at32f403a_407_tmr.o(i.tmr_div_value_get), (6 bytes).
    Removing at32f403a_407_tmr.o(i.tmr_div_value_set), (4 bytes).
    Removing at32f403a_407_tmr.o(i.tmr_dma_control_config), (18 bytes).
    Removing at32f403a_407_tmr.o(i.tmr_dma_request_enable), (22 bytes).
    Removing at32f403a_407_tmr.o(i.tmr_encoder_mode_config), (70 bytes).
    Removing at32f403a_407_tmr.o(i.tmr_event_sw_trigger), (8 bytes).
    Removing at32f403a_407_tmr.o(i.tmr_external_clock_config), (28 bytes).
    Removing at32f403a_407_tmr.o(i.tmr_external_clock_mode1_config), (44 bytes).
    Removing at32f403a_407_tmr.o(i.tmr_external_clock_mode2_config), (36 bytes).
    Removing at32f403a_407_tmr.o(i.tmr_flag_clear), (6 bytes).
    Removing at32f403a_407_tmr.o(i.tmr_flag_get), (18 bytes).
    Removing at32f403a_407_tmr.o(i.tmr_force_output_set), (66 bytes).
    Removing at32f403a_407_tmr.o(i.tmr_hall_select), (10 bytes).
    Removing at32f403a_407_tmr.o(i.tmr_input_channel_divider_set), (66 bytes).
    Removing at32f403a_407_tmr.o(i.tmr_input_channel_filter_set), (66 bytes).
    Removing at32f403a_407_tmr.o(i.tmr_input_channel_init), (304 bytes).
    Removing at32f403a_407_tmr.o(i.tmr_input_default_para_init), (16 bytes).
    Removing at32f403a_407_tmr.o(i.tmr_internal_clock_set), (10 bytes).
    Removing at32f403a_407_tmr.o(i.tmr_interrupt_enable), (22 bytes).
    Removing at32f403a_407_tmr.o(i.tmr_interrupt_flag_get), (24 bytes).
    Removing at32f403a_407_tmr.o(i.tmr_one_cycle_mode_enable), (10 bytes).
    Removing at32f403a_407_tmr.o(i.tmr_output_channel_mode_select), (66 bytes).
    Removing at32f403a_407_tmr.o(i.tmr_output_channel_polarity_set), (96 bytes).
    Removing at32f403a_407_tmr.o(i.tmr_output_channel_switch_set), (66 bytes).
    Removing at32f403a_407_tmr.o(i.tmr_output_default_para_init), (18 bytes).
    Removing at32f403a_407_tmr.o(i.tmr_output_enable), (10 bytes).
    Removing at32f403a_407_tmr.o(i.tmr_overflow_event_disable), (10 bytes).
    Removing at32f403a_407_tmr.o(i.tmr_overflow_request_source_set), (10 bytes).
    Removing at32f403a_407_tmr.o(i.tmr_period_value_get), (6 bytes).
    Removing at32f403a_407_tmr.o(i.tmr_period_value_set), (4 bytes).
    Removing at32f403a_407_tmr.o(i.tmr_pwm_input_config), (350 bytes).
    Removing at32f403a_407_tmr.o(i.tmr_repetition_counter_set), (10 bytes).
    Removing at32f403a_407_tmr.o(i.tmr_reset), (416 bytes).
    Removing at32f403a_407_tmr.o(i.tmr_sub_mode_select), (10 bytes).
    Removing at32f403a_407_tmr.o(i.tmr_trigger_input_select), (10 bytes).
    Removing at32f403a_407_gpio.o(.rev16_text), (4 bytes).
    Removing at32f403a_407_gpio.o(.revsh_text), (4 bytes).
    Removing at32f403a_407_gpio.o(.rrx_text), (6 bytes).
    Removing at32f403a_407_gpio.o(i.gpio_bits_reset), (4 bytes).
    Removing at32f403a_407_gpio.o(i.gpio_bits_set), (4 bytes).
    Removing at32f403a_407_gpio.o(i.gpio_bits_write), (10 bytes).
    Removing at32f403a_407_gpio.o(i.gpio_event_output_config), (28 bytes).
    Removing at32f403a_407_gpio.o(i.gpio_event_output_enable), (20 bytes).
    Removing at32f403a_407_gpio.o(i.gpio_exint_line_config), (164 bytes).
    Removing at32f403a_407_gpio.o(i.gpio_input_data_bit_read), (18 bytes).
    Removing at32f403a_407_gpio.o(i.gpio_input_data_read), (8 bytes).
    Removing at32f403a_407_gpio.o(i.gpio_iomux_reset), (24 bytes).
    Removing at32f403a_407_gpio.o(i.gpio_output_data_bit_read), (18 bytes).
    Removing at32f403a_407_gpio.o(i.gpio_output_data_read), (8 bytes).
    Removing at32f403a_407_gpio.o(i.gpio_pin_wp_config), (18 bytes).
    Removing at32f403a_407_gpio.o(i.gpio_pins_huge_driven_config), (18 bytes).
    Removing at32f403a_407_gpio.o(i.gpio_port_write), (4 bytes).
    Removing at32f403a_407_gpio.o(i.gpio_reset), (164 bytes).
    Removing at32f403a_407_pwc.o(.rev16_text), (4 bytes).
    Removing at32f403a_407_pwc.o(.revsh_text), (4 bytes).
    Removing at32f403a_407_pwc.o(.rrx_text), (6 bytes).
    Removing at32f403a_407_pwc.o(i.pwc_battery_powered_domain_access), (20 bytes).
    Removing at32f403a_407_pwc.o(i.pwc_deep_sleep_mode_enter), (48 bytes).
    Removing at32f403a_407_pwc.o(i.pwc_flag_clear), (48 bytes).
    Removing at32f403a_407_pwc.o(i.pwc_flag_get), (24 bytes).
    Removing at32f403a_407_pwc.o(i.pwc_power_voltage_monitor_enable), (20 bytes).
    Removing at32f403a_407_pwc.o(i.pwc_pvm_level_select), (20 bytes).
    Removing at32f403a_407_pwc.o(i.pwc_reset), (24 bytes).
    Removing at32f403a_407_pwc.o(i.pwc_sleep_mode_enter), (36 bytes).
    Removing at32f403a_407_pwc.o(i.pwc_standby_mode_enter), (56 bytes).
    Removing at32f403a_407_pwc.o(i.pwc_voltage_regulate_set), (20 bytes).
    Removing at32f403a_407_pwc.o(i.pwc_wakeup_pin_enable), (32 bytes).
    Removing at32f403a_407_flash.o(.rev16_text), (4 bytes).
    Removing at32f403a_407_flash.o(.revsh_text), (4 bytes).
    Removing at32f403a_407_flash.o(.rrx_text), (6 bytes).
    Removing at32f403a_407_flash.o(i.flash_bank1_erase), (60 bytes).
    Removing at32f403a_407_flash.o(i.flash_bank1_lock), (20 bytes).
    Removing at32f403a_407_flash.o(i.flash_bank1_operation_status_get), (52 bytes).
    Removing at32f403a_407_flash.o(i.flash_bank1_operation_wait_for), (36 bytes).
    Removing at32f403a_407_flash.o(i.flash_bank1_unlock), (24 bytes).
    Removing at32f403a_407_flash.o(i.flash_bank2_erase), (60 bytes).
    Removing at32f403a_407_flash.o(i.flash_bank2_lock), (20 bytes).
    Removing at32f403a_407_flash.o(i.flash_bank2_operation_status_get), (52 bytes).
    Removing at32f403a_407_flash.o(i.flash_bank2_operation_wait_for), (36 bytes).
    Removing at32f403a_407_flash.o(i.flash_bank2_unlock), (24 bytes).
    Removing at32f403a_407_flash.o(i.flash_byte_program), (124 bytes).
    Removing at32f403a_407_flash.o(i.flash_crc_calibrate), (72 bytes).
    Removing at32f403a_407_flash.o(i.flash_epp_set), (220 bytes).
    Removing at32f403a_407_flash.o(i.flash_epp_status_get), (12 bytes).
    Removing at32f403a_407_flash.o(i.flash_fap_enable), (140 bytes).
    Removing at32f403a_407_flash.o(i.flash_fap_status_get), (16 bytes).
    Removing at32f403a_407_flash.o(i.flash_flag_clear), (56 bytes).
    Removing at32f403a_407_flash.o(i.flash_flag_get), (96 bytes).
    Removing at32f403a_407_flash.o(i.flash_halfword_program), (184 bytes).
    Removing at32f403a_407_flash.o(i.flash_internal_all_erase), (108 bytes).
    Removing at32f403a_407_flash.o(i.flash_interrupt_enable), (124 bytes).
    Removing at32f403a_407_flash.o(i.flash_lock), (32 bytes).
    Removing at32f403a_407_flash.o(i.flash_operation_status_get), (52 bytes).
    Removing at32f403a_407_flash.o(i.flash_operation_wait_for), (36 bytes).
    Removing at32f403a_407_flash.o(i.flash_sector_erase), (224 bytes).
    Removing at32f403a_407_flash.o(i.flash_slib_datastart_sector_get), (16 bytes).
    Removing at32f403a_407_flash.o(i.flash_slib_disable), (52 bytes).
    Removing at32f403a_407_flash.o(i.flash_slib_enable), (148 bytes).
    Removing at32f403a_407_flash.o(i.flash_slib_end_sector_get), (12 bytes).
    Removing at32f403a_407_flash.o(i.flash_slib_remaining_count_get), (16 bytes).
    Removing at32f403a_407_flash.o(i.flash_slib_start_sector_get), (16 bytes).
    Removing at32f403a_407_flash.o(i.flash_slib_state_get), (24 bytes).
    Removing at32f403a_407_flash.o(i.flash_spim_all_erase), (76 bytes).
    Removing at32f403a_407_flash.o(i.flash_spim_dummy_read), (24 bytes).
    Removing at32f403a_407_flash.o(i.flash_spim_encryption_range_set), (12 bytes).
    Removing at32f403a_407_flash.o(i.flash_spim_lock), (24 bytes).
    Removing at32f403a_407_flash.o(i.flash_spim_mass_program), (144 bytes).
    Removing at32f403a_407_flash.o(i.flash_spim_model_select), (20 bytes).
    Removing at32f403a_407_flash.o(i.flash_spim_operation_status_get), (52 bytes).
    Removing at32f403a_407_flash.o(i.flash_spim_operation_wait_for), (36 bytes).
    Removing at32f403a_407_flash.o(i.flash_spim_unlock), (32 bytes).
    Removing at32f403a_407_flash.o(i.flash_ssb_set), (92 bytes).
    Removing at32f403a_407_flash.o(i.flash_ssb_status_get), (16 bytes).
    Removing at32f403a_407_flash.o(i.flash_unlock), (32 bytes).
    Removing at32f403a_407_flash.o(i.flash_user_system_data_erase), (152 bytes).
    Removing at32f403a_407_flash.o(i.flash_user_system_data_program), (104 bytes).
    Removing at32f403a_407_flash.o(i.flash_word_program), (184 bytes).
    Removing at32f403a_407_flash.o(.constdata), (8 bytes).
    Removing at32f403a_407_misc.o(.rev16_text), (4 bytes).
    Removing at32f403a_407_misc.o(.revsh_text), (4 bytes).
    Removing at32f403a_407_misc.o(.rrx_text), (6 bytes).
    Removing at32f403a_407_misc.o(i.nvic_irq_disable), (44 bytes).
    Removing at32f403a_407_misc.o(i.nvic_irq_enable), (200 bytes).
    Removing at32f403a_407_misc.o(i.nvic_lowpower_mode_config), (32 bytes).
    Removing at32f403a_407_misc.o(i.nvic_system_reset), (44 bytes).
    Removing at32f403a_407_misc.o(i.nvic_vector_table_set), (20 bytes).
    Removing at32f403a_407_debug.o(.rev16_text), (4 bytes).
    Removing at32f403a_407_debug.o(.revsh_text), (4 bytes).
    Removing at32f403a_407_debug.o(.rrx_text), (6 bytes).
    Removing at32f403a_407_debug.o(i.debug_device_id_get), (12 bytes).
    Removing at32f403a_407_debug.o(i.debug_periph_mode_set), (32 bytes).
    Removing system_at32f403a_407.o(.rev16_text), (4 bytes).
    Removing system_at32f403a_407.o(.revsh_text), (4 bytes).
    Removing system_at32f403a_407.o(.rrx_text), (6 bytes).

187 unused section(s) (total 7908 bytes) removed from the image.

==============================================================================

Image Symbol Table

    Local Symbols

    Symbol Name                              Value     Ov Type        Size  Object(Section)

    ../clib/angel/boardlib.s                 0x00000000   Number         0  boardinit2.o ABSOLUTE
    ../clib/angel/boardlib.s                 0x00000000   Number         0  boardshut.o ABSOLUTE
    ../clib/angel/boardlib.s                 0x00000000   Number         0  boardinit3.o ABSOLUTE
    ../clib/angel/boardlib.s                 0x00000000   Number         0  boardinit1.o ABSOLUTE
    ../clib/angel/handlers.s                 0x00000000   Number         0  __scatter_zi.o ABSOLUTE
    ../clib/angel/handlers.s                 0x00000000   Number         0  __scatter_copy.o ABSOLUTE
    ../clib/angel/kernel.s                   0x00000000   Number         0  __rtentry4.o ABSOLUTE
    ../clib/angel/kernel.s                   0x00000000   Number         0  rtexit2.o ABSOLUTE
    ../clib/angel/kernel.s                   0x00000000   Number         0  rtexit.o ABSOLUTE
    ../clib/angel/kernel.s                   0x00000000   Number         0  __rtentry2.o ABSOLUTE
    ../clib/angel/kernel.s                   0x00000000   Number         0  __rtentry.o ABSOLUTE
    ../clib/angel/rt.s                       0x00000000   Number         0  rt_raise.o ABSOLUTE
    ../clib/angel/scatter.s                  0x00000000   Number         0  __scatter.o ABSOLUTE
    ../clib/angel/startup.s                  0x00000000   Number         0  __main.o ABSOLUTE
    ../clib/angel/sys.s                      0x00000000   Number         0  sys_stackheap_outer.o ABSOLUTE
    ../clib/angel/sys.s                      0x00000000   Number         0  indicate_semi.o ABSOLUTE
    ../clib/angel/sys.s                      0x00000000   Number         0  use_no_semi.o ABSOLUTE
    ../clib/angel/sys.s                      0x00000000   Number         0  libspace.o ABSOLUTE
    ../clib/angel/sysapp.c                   0x00000000   Number         0  sys_wrch.o ABSOLUTE
    ../clib/angel/sysapp.c                   0x00000000   Number         0  sys_command.o ABSOLUTE
    ../clib/angel/sysapp.c                   0x00000000   Number         0  sys_exit.o ABSOLUTE
    ../clib/armsys.c                         0x00000000   Number         0  no_argv.o ABSOLUTE
    ../clib/armsys.c                         0x00000000   Number         0  _get_argv_nomalloc.o ABSOLUTE
    ../clib/armsys.c                         0x00000000   Number         0  argv_veneer.o ABSOLUTE
    ../clib/armsys.c                         0x00000000   Number         0  argv_veneer.o ABSOLUTE
    ../clib/heapalloc.c                      0x00000000   Number         0  hrguard.o ABSOLUTE
    ../clib/heapaux.c                        0x00000000   Number         0  heapauxi.o ABSOLUTE
    ../clib/libinit.s                        0x00000000   Number         0  libshutdown.o ABSOLUTE
    ../clib/libinit.s                        0x00000000   Number         0  libinit.o ABSOLUTE
    ../clib/libinit.s                        0x00000000   Number         0  libinit2.o ABSOLUTE
    ../clib/libinit.s                        0x00000000   Number         0  libshutdown2.o ABSOLUTE
    ../clib/signal.c                         0x00000000   Number         0  defsig_rtmem_outer.o ABSOLUTE
    ../clib/signal.c                         0x00000000   Number         0  defsig_other.o ABSOLUTE
    ../clib/signal.c                         0x00000000   Number         0  defsig_rtmem_formal.o ABSOLUTE
    ../clib/signal.c                         0x00000000   Number         0  defsig_rtmem_inner.o ABSOLUTE
    ../clib/signal.c                         0x00000000   Number         0  defsig_segv_inner.o ABSOLUTE
    ../clib/signal.c                         0x00000000   Number         0  defsig_cppl_inner.o ABSOLUTE
    ../clib/signal.c                         0x00000000   Number         0  defsig_pvfn_inner.o ABSOLUTE
    ../clib/signal.c                         0x00000000   Number         0  defsig_stak_inner.o ABSOLUTE
    ../clib/signal.c                         0x00000000   Number         0  defsig_rtred_inner.o ABSOLUTE
    ../clib/signal.c                         0x00000000   Number         0  defsig_fpe_inner.o ABSOLUTE
    ../clib/signal.c                         0x00000000   Number         0  defsig_abrt_inner.o ABSOLUTE
    ../clib/signal.c                         0x00000000   Number         0  defsig_exit.o ABSOLUTE
    ../clib/signal.c                         0x00000000   Number         0  defsig_general.o ABSOLUTE
    ../clib/signal.c                         0x00000000   Number         0  __raise.o ABSOLUTE
    ../clib/signal.s                         0x00000000   Number         0  defsig.o ABSOLUTE
    ../clib/stdlib.c                         0x00000000   Number         0  exit.o ABSOLUTE
    ../fplib/fpinit.s                        0x00000000   Number         0  fpinit.o ABSOLUTE
    ..\..\libraries\cmsis\cm4\device_support\system_at32f403a_407.c 0x00000000   Number         0  system_at32f403a_407.o ABSOLUTE
    ..\..\libraries\drivers\src\at32f403a_407_crm.c 0x00000000   Number         0  at32f403a_407_crm.o ABSOLUTE
    ..\..\libraries\drivers\src\at32f403a_407_debug.c 0x00000000   Number         0  at32f403a_407_debug.o ABSOLUTE
    ..\..\libraries\drivers\src\at32f403a_407_flash.c 0x00000000   Number         0  at32f403a_407_flash.o ABSOLUTE
    ..\..\libraries\drivers\src\at32f403a_407_gpio.c 0x00000000   Number         0  at32f403a_407_gpio.o ABSOLUTE
    ..\..\libraries\drivers\src\at32f403a_407_misc.c 0x00000000   Number         0  at32f403a_407_misc.o ABSOLUTE
    ..\..\libraries\drivers\src\at32f403a_407_pwc.c 0x00000000   Number         0  at32f403a_407_pwc.o ABSOLUTE
    ..\..\libraries\drivers\src\at32f403a_407_tmr.c 0x00000000   Number         0  at32f403a_407_tmr.o ABSOLUTE
    ..\\..\\libraries\\cmsis\\cm4\\device_support\\system_at32f403a_407.c 0x00000000   Number         0  system_at32f403a_407.o ABSOLUTE
    ..\\..\\libraries\\drivers\\src\\at32f403a_407_crm.c 0x00000000   Number         0  at32f403a_407_crm.o ABSOLUTE
    ..\\..\\libraries\\drivers\\src\\at32f403a_407_debug.c 0x00000000   Number         0  at32f403a_407_debug.o ABSOLUTE
    ..\\..\\libraries\\drivers\\src\\at32f403a_407_flash.c 0x00000000   Number         0  at32f403a_407_flash.o ABSOLUTE
    ..\\..\\libraries\\drivers\\src\\at32f403a_407_gpio.c 0x00000000   Number         0  at32f403a_407_gpio.o ABSOLUTE
    ..\\..\\libraries\\drivers\\src\\at32f403a_407_misc.c 0x00000000   Number         0  at32f403a_407_misc.o ABSOLUTE
    ..\\..\\libraries\\drivers\\src\\at32f403a_407_pwc.c 0x00000000   Number         0  at32f403a_407_pwc.o ABSOLUTE
    ..\\..\\libraries\\drivers\\src\\at32f403a_407_tmr.c 0x00000000   Number         0  at32f403a_407_tmr.o ABSOLUTE
    ..\\src\\at32f403a_407_int.c             0x00000000   Number         0  at32f403a_407_int.o ABSOLUTE
    ..\\src\\at32f403a_407_wk_config.c       0x00000000   Number         0  at32f403a_407_wk_config.o ABSOLUTE
    ..\\src\\main.c                          0x00000000   Number         0  main.o ABSOLUTE
    ..\\src\\wk_system.c                     0x00000000   Number         0  wk_system.o ABSOLUTE
    ..\src\at32f403a_407_int.c               0x00000000   Number         0  at32f403a_407_int.o ABSOLUTE
    ..\src\at32f403a_407_wk_config.c         0x00000000   Number         0  at32f403a_407_wk_config.o ABSOLUTE
    ..\src\main.c                            0x00000000   Number         0  main.o ABSOLUTE
    ..\src\wk_system.c                       0x00000000   Number         0  wk_system.o ABSOLUTE
    dc.s                                     0x00000000   Number         0  dc.o ABSOLUTE
    startup_at32f403a_407.s                  0x00000000   Number         0  startup_at32f403a_407.o ABSOLUTE
    RESET                                    0x08000000   Section      388  startup_at32f403a_407.o(RESET)
    !!!main                                  0x08000184   Section        8  __main.o(!!!main)
    !!!scatter                               0x0800018c   Section       52  __scatter.o(!!!scatter)
    !!handler_copy                           0x080001c0   Section       26  __scatter_copy.o(!!handler_copy)
    !!handler_zi                             0x080001dc   Section       28  __scatter_zi.o(!!handler_zi)
    .ARM.Collect$$libinit$$00000000          0x080001f8   Section        2  libinit.o(.ARM.Collect$$libinit$$00000000)
    .ARM.Collect$$libinit$$00000001          0x080001fa   Section        4  libinit2.o(.ARM.Collect$$libinit$$00000001)
    .ARM.Collect$$libinit$$00000004          0x080001fe   Section        0  libinit2.o(.ARM.Collect$$libinit$$00000004)
    .ARM.Collect$$libinit$$0000000A          0x080001fe   Section        0  libinit2.o(.ARM.Collect$$libinit$$0000000A)
    .ARM.Collect$$libinit$$0000000C          0x080001fe   Section        0  libinit2.o(.ARM.Collect$$libinit$$0000000C)
    .ARM.Collect$$libinit$$0000000E          0x080001fe   Section        0  libinit2.o(.ARM.Collect$$libinit$$0000000E)
    .ARM.Collect$$libinit$$00000011          0x080001fe   Section        0  libinit2.o(.ARM.Collect$$libinit$$00000011)
    .ARM.Collect$$libinit$$00000013          0x080001fe   Section        0  libinit2.o(.ARM.Collect$$libinit$$00000013)
    .ARM.Collect$$libinit$$00000015          0x080001fe   Section        0  libinit2.o(.ARM.Collect$$libinit$$00000015)
    .ARM.Collect$$libinit$$00000017          0x080001fe   Section        0  libinit2.o(.ARM.Collect$$libinit$$00000017)
    .ARM.Collect$$libinit$$00000019          0x080001fe   Section        0  libinit2.o(.ARM.Collect$$libinit$$00000019)
    .ARM.Collect$$libinit$$0000001B          0x080001fe   Section        0  libinit2.o(.ARM.Collect$$libinit$$0000001B)
    .ARM.Collect$$libinit$$0000001D          0x080001fe   Section        0  libinit2.o(.ARM.Collect$$libinit$$0000001D)
    .ARM.Collect$$libinit$$0000001F          0x080001fe   Section        0  libinit2.o(.ARM.Collect$$libinit$$0000001F)
    .ARM.Collect$$libinit$$00000021          0x080001fe   Section        0  libinit2.o(.ARM.Collect$$libinit$$00000021)
    .ARM.Collect$$libinit$$00000023          0x080001fe   Section        0  libinit2.o(.ARM.Collect$$libinit$$00000023)
    .ARM.Collect$$libinit$$00000025          0x080001fe   Section        0  libinit2.o(.ARM.Collect$$libinit$$00000025)
    .ARM.Collect$$libinit$$0000002C          0x080001fe   Section        0  libinit2.o(.ARM.Collect$$libinit$$0000002C)
    .ARM.Collect$$libinit$$0000002E          0x080001fe   Section        0  libinit2.o(.ARM.Collect$$libinit$$0000002E)
    .ARM.Collect$$libinit$$00000030          0x080001fe   Section        0  libinit2.o(.ARM.Collect$$libinit$$00000030)
    .ARM.Collect$$libinit$$00000032          0x080001fe   Section        0  libinit2.o(.ARM.Collect$$libinit$$00000032)
    .ARM.Collect$$libinit$$00000033          0x080001fe   Section        2  libinit2.o(.ARM.Collect$$libinit$$00000033)
    .ARM.Collect$$libshutdown$$00000000      0x08000200   Section        2  libshutdown.o(.ARM.Collect$$libshutdown$$00000000)
    .ARM.Collect$$libshutdown$$00000002      0x08000202   Section        0  libshutdown2.o(.ARM.Collect$$libshutdown$$00000002)
    .ARM.Collect$$libshutdown$$00000004      0x08000202   Section        0  libshutdown2.o(.ARM.Collect$$libshutdown$$00000004)
    .ARM.Collect$$libshutdown$$00000006      0x08000202   Section        0  libshutdown2.o(.ARM.Collect$$libshutdown$$00000006)
    .ARM.Collect$$libshutdown$$00000009      0x08000202   Section        0  libshutdown2.o(.ARM.Collect$$libshutdown$$00000009)
    .ARM.Collect$$libshutdown$$0000000C      0x08000202   Section        0  libshutdown2.o(.ARM.Collect$$libshutdown$$0000000C)
    .ARM.Collect$$libshutdown$$0000000E      0x08000202   Section        0  libshutdown2.o(.ARM.Collect$$libshutdown$$0000000E)
    .ARM.Collect$$libshutdown$$00000011      0x08000202   Section        0  libshutdown2.o(.ARM.Collect$$libshutdown$$00000011)
    .ARM.Collect$$libshutdown$$00000012      0x08000202   Section        2  libshutdown2.o(.ARM.Collect$$libshutdown$$00000012)
    .ARM.Collect$$rtentry$$00000000          0x08000204   Section        0  __rtentry.o(.ARM.Collect$$rtentry$$00000000)
    .ARM.Collect$$rtentry$$00000002          0x08000204   Section        0  __rtentry2.o(.ARM.Collect$$rtentry$$00000002)
    .ARM.Collect$$rtentry$$00000004          0x08000204   Section        6  __rtentry4.o(.ARM.Collect$$rtentry$$00000004)
    .ARM.Collect$$rtentry$$00000009          0x0800020a   Section        0  __rtentry2.o(.ARM.Collect$$rtentry$$00000009)
    .ARM.Collect$$rtentry$$0000000A          0x0800020a   Section        4  __rtentry2.o(.ARM.Collect$$rtentry$$0000000A)
    .ARM.Collect$$rtentry$$0000000C          0x0800020e   Section        0  __rtentry2.o(.ARM.Collect$$rtentry$$0000000C)
    .ARM.Collect$$rtentry$$0000000D          0x0800020e   Section        8  __rtentry2.o(.ARM.Collect$$rtentry$$0000000D)
    .ARM.Collect$$rtexit$$00000000           0x08000216   Section        2  rtexit.o(.ARM.Collect$$rtexit$$00000000)
    .ARM.Collect$$rtexit$$00000002           0x08000218   Section        0  rtexit2.o(.ARM.Collect$$rtexit$$00000002)
    .ARM.Collect$$rtexit$$00000003           0x08000218   Section        4  rtexit2.o(.ARM.Collect$$rtexit$$00000003)
    .ARM.Collect$$rtexit$$00000004           0x0800021c   Section        6  rtexit2.o(.ARM.Collect$$rtexit$$00000004)
    .text                                    0x08000224   Section       64  startup_at32f403a_407.o(.text)
    $v0                                      0x08000224   Number         0  startup_at32f403a_407.o(.text)
    .text                                    0x08000264   Section        0  heapauxi.o(.text)
    .text                                    0x0800026a   Section       74  sys_stackheap_outer.o(.text)
    .text                                    0x080002b4   Section        0  exit.o(.text)
    .text                                    0x080002c8   Section        8  libspace.o(.text)
    .text                                    0x080002d0   Section        0  sys_exit.o(.text)
    .text                                    0x080002dc   Section        2  use_no_semi.o(.text)
    .text                                    0x080002de   Section        0  indicate_semi.o(.text)
    i.BusFault_Handler                       0x080002de   Section        0  at32f403a_407_int.o(i.BusFault_Handler)
    i.DebugMon_Handler                       0x080002e2   Section        0  at32f403a_407_int.o(i.DebugMon_Handler)
    i.HardFault_Handler                      0x080002e4   Section        0  at32f403a_407_int.o(i.HardFault_Handler)
    i.MemManage_Handler                      0x080002e8   Section        0  at32f403a_407_int.o(i.MemManage_Handler)
    i.NMI_Handler                            0x080002ec   Section        0  at32f403a_407_int.o(i.NMI_Handler)
    i.NVIC_EncodePriority                    0x080002ee   Section        0  at32f403a_407_wk_config.o(i.NVIC_EncodePriority)
    NVIC_EncodePriority                      0x080002ef   Thumb Code    64  at32f403a_407_wk_config.o(i.NVIC_EncodePriority)
    i.PendSV_Handler                         0x0800032e   Section        0  at32f403a_407_int.o(i.PendSV_Handler)
    i.SVC_Handler                            0x08000330   Section        0  at32f403a_407_int.o(i.SVC_Handler)
    i.SysTick_Handler                        0x08000332   Section        0  at32f403a_407_int.o(i.SysTick_Handler)
    i.SystemInit                             0x08000334   Section        0  system_at32f403a_407.o(i.SystemInit)
    i.UsageFault_Handler                     0x080003a4   Section        0  at32f403a_407_int.o(i.UsageFault_Handler)
    i.__NVIC_GetPriorityGrouping             0x080003a8   Section        0  at32f403a_407_wk_config.o(i.__NVIC_GetPriorityGrouping)
    __NVIC_GetPriorityGrouping               0x080003a9   Thumb Code    10  at32f403a_407_wk_config.o(i.__NVIC_GetPriorityGrouping)
    i.__NVIC_SetPriority                     0x080003b8   Section        0  at32f403a_407_wk_config.o(i.__NVIC_SetPriority)
    __NVIC_SetPriority                       0x080003b9   Thumb Code    32  at32f403a_407_wk_config.o(i.__NVIC_SetPriority)
    i.crm_ahb_div_set                        0x080003e0   Section        0  at32f403a_407_crm.o(i.crm_ahb_div_set)
    i.crm_apb1_div_set                       0x080003f4   Section        0  at32f403a_407_crm.o(i.crm_apb1_div_set)
    i.crm_apb2_div_set                       0x08000408   Section        0  at32f403a_407_crm.o(i.crm_apb2_div_set)
    i.crm_auto_step_mode_enable              0x0800041c   Section        0  at32f403a_407_crm.o(i.crm_auto_step_mode_enable)
    i.crm_clock_source_enable                0x08000444   Section        0  at32f403a_407_crm.o(i.crm_clock_source_enable)
    i.crm_clocks_freq_get                    0x080004a4   Section        0  at32f403a_407_crm.o(i.crm_clocks_freq_get)
    i.crm_flag_get                           0x080005d4   Section        0  at32f403a_407_crm.o(i.crm_flag_get)
    i.crm_hext_stable_wait                   0x08000604   Section        0  at32f403a_407_crm.o(i.crm_hext_stable_wait)
    i.crm_periph_clock_enable                0x08000634   Section        0  at32f403a_407_crm.o(i.crm_periph_clock_enable)
    i.crm_pll_config                         0x08000678   Section        0  at32f403a_407_crm.o(i.crm_pll_config)
    i.crm_reset                              0x080006f4   Section        0  at32f403a_407_crm.o(i.crm_reset)
    i.crm_sysclk_switch                      0x0800074c   Section        0  at32f403a_407_crm.o(i.crm_sysclk_switch)
    i.crm_sysclk_switch_status_get           0x08000788   Section        0  at32f403a_407_crm.o(i.crm_sysclk_switch_status_get)
    i.gpio_default_para_init                 0x08000798   Section        0  at32f403a_407_gpio.o(i.gpio_default_para_init)
    i.gpio_init                              0x080007ae   Section        0  at32f403a_407_gpio.o(i.gpio_init)
    i.gpio_pin_remap_config                  0x08000858   Section        0  at32f403a_407_gpio.o(i.gpio_pin_remap_config)
    i.main                                   0x080008a4   Section        0  main.o(i.main)
    i.nvic_priority_group_config             0x080008c0   Section        0  at32f403a_407_misc.o(i.nvic_priority_group_config)
    i.system_core_clock_update               0x080008e8   Section        0  system_at32f403a_407.o(i.system_core_clock_update)
    i.systick_clock_source_config            0x080009e4   Section        0  at32f403a_407_misc.o(i.systick_clock_source_config)
    i.tmr_base_init                          0x08000a0c   Section        0  at32f403a_407_tmr.o(i.tmr_base_init)
    i.tmr_channel_value_set                  0x08000a1c   Section        0  at32f403a_407_tmr.o(i.tmr_channel_value_set)
    i.tmr_clock_source_div_set               0x08000a44   Section        0  at32f403a_407_tmr.o(i.tmr_clock_source_div_set)
    i.tmr_cnt_dir_set                        0x08000a4e   Section        0  at32f403a_407_tmr.o(i.tmr_cnt_dir_set)
    i.tmr_counter_enable                     0x08000a58   Section        0  at32f403a_407_tmr.o(i.tmr_counter_enable)
    i.tmr_output_channel_buffer_enable       0x08000a62   Section        0  at32f403a_407_tmr.o(i.tmr_output_channel_buffer_enable)
    i.tmr_output_channel_config              0x08000aa4   Section        0  at32f403a_407_tmr.o(i.tmr_output_channel_config)
    i.tmr_output_channel_immediately_set     0x08000c44   Section        0  at32f403a_407_tmr.o(i.tmr_output_channel_immediately_set)
    i.tmr_period_buffer_enable               0x08000c86   Section        0  at32f403a_407_tmr.o(i.tmr_period_buffer_enable)
    i.tmr_primary_mode_select                0x08000c90   Section        0  at32f403a_407_tmr.o(i.tmr_primary_mode_select)
    i.tmr_sub_sync_mode_set                  0x08000c9a   Section        0  at32f403a_407_tmr.o(i.tmr_sub_sync_mode_set)
    i.wk_debug_config                        0x08000ca4   Section        0  at32f403a_407_wk_config.o(i.wk_debug_config)
    i.wk_nvic_config                         0x08000cb4   Section        0  at32f403a_407_wk_config.o(i.wk_nvic_config)
    i.wk_periph_clock_config                 0x08000d74   Section        0  at32f403a_407_wk_config.o(i.wk_periph_clock_config)
    i.wk_system_clock_config                 0x08000da4   Section        0  at32f403a_407_wk_config.o(i.wk_system_clock_config)
    i.wk_timebase_init                       0x08000e3c   Section        0  wk_system.o(i.wk_timebase_init)
    i.wk_tmr2_init                           0x08000e80   Section        0  at32f403a_407_wk_config.o(i.wk_tmr2_init)
    x$fpl$fpinit                             0x08000f5c   Section       10  fpinit.o(x$fpl$fpinit)
    $v0                                      0x08000f5c   Number         0  fpinit.o(x$fpl$fpinit)
    .constdata                               0x08000f66   Section       40  at32f403a_407_crm.o(.constdata)
    sclk_ahb_div_table                       0x08000f66   Data          16  at32f403a_407_crm.o(.constdata)
    ahb_apb1_div_table                       0x08000f76   Data           8  at32f403a_407_crm.o(.constdata)
    ahb_apb2_div_table                       0x08000f7e   Data           8  at32f403a_407_crm.o(.constdata)
    adc_div_table                            0x08000f86   Data           8  at32f403a_407_crm.o(.constdata)
    .constdata                               0x08000f8e   Section       16  system_at32f403a_407.o(.constdata)
    sys_ahb_div_table                        0x08000f8e   Data          16  system_at32f403a_407.o(.constdata)
    .data                                    0x20000000   Section        4  wk_system.o(.data)
    .data                                    0x20000004   Section        4  system_at32f403a_407.o(.data)
    .bss                                     0x20000008   Section       96  libspace.o(.bss)
    HEAP                                     0x20000068   Section      512  startup_at32f403a_407.o(HEAP)
    Heap_Mem                                 0x20000068   Data         512  startup_at32f403a_407.o(HEAP)
    STACK                                    0x20000268   Section     1024  startup_at32f403a_407.o(STACK)
    Stack_Mem                                0x20000268   Data        1024  startup_at32f403a_407.o(STACK)
    __initial_sp                             0x20000668   Data           0  startup_at32f403a_407.o(STACK)

    Global Symbols

    Symbol Name                              Value     Ov Type        Size  Object(Section)

    BuildAttributes$$THM_ISAv4$E$P$D$K$B$S$7EM$VFPi3$EXTD16$VFPS$VFMA$PE$A:L22UL41UL21$X:L11$S22US41US21$IEEE1$IW$USESV6$~STKCKD$USESV7$~SHL$OSPACE$ROPI$EBA8$UX$STANDARDLIB$REQ8$PRES8$EABIv2 0x00000000   Number         0  anon$$obj.o ABSOLUTE
    __ARM_use_no_argv                        0x00000000   Number         0  main.o ABSOLUTE
    __ARM_exceptions_init                     - Undefined Weak Reference
    __alloca_initialize                       - Undefined Weak Reference
    __arm_fini_                               - Undefined Weak Reference
    __arm_preinit_                            - Undefined Weak Reference
    __cpp_initialize__aeabi_                  - Undefined Weak Reference
    __cxa_finalize                            - Undefined Weak Reference
    __rt_locale                               - Undefined Weak Reference
    __sigvec_lookup                           - Undefined Weak Reference
    _atexit_init                              - Undefined Weak Reference
    _call_atexit_fns                          - Undefined Weak Reference
    _clock_init                               - Undefined Weak Reference
    _fp_trap_init                             - Undefined Weak Reference
    _fp_trap_shutdown                         - Undefined Weak Reference
    _get_lc_collate                           - Undefined Weak Reference
    _get_lc_ctype                             - Undefined Weak Reference
    _get_lc_monetary                          - Undefined Weak Reference
    _get_lc_numeric                           - Undefined Weak Reference
    _get_lc_time                              - Undefined Weak Reference
    _getenv_init                              - Undefined Weak Reference
    _handle_redirection                       - Undefined Weak Reference
    _init_alloc                               - Undefined Weak Reference
    _init_user_alloc                          - Undefined Weak Reference
    _initio                                   - Undefined Weak Reference
    _rand_init                                - Undefined Weak Reference
    _signal_finish                            - Undefined Weak Reference
    _signal_init                              - Undefined Weak Reference
    _terminate_alloc                          - Undefined Weak Reference
    _terminate_user_alloc                     - Undefined Weak Reference
    _terminateio                              - Undefined Weak Reference
    __Vectors_Size                           0x00000184   Number         0  startup_at32f403a_407.o ABSOLUTE
    __Vectors                                0x08000000   Data           4  startup_at32f403a_407.o(RESET)
    __Vectors_End                            0x08000184   Data           0  startup_at32f403a_407.o(RESET)
    __main                                   0x08000185   Thumb Code     8  __main.o(!!!main)
    __scatterload                            0x0800018d   Thumb Code     0  __scatter.o(!!!scatter)
    __scatterload_rt2                        0x0800018d   Thumb Code    44  __scatter.o(!!!scatter)
    __scatterload_rt2_thumb_only             0x0800018d   Thumb Code     0  __scatter.o(!!!scatter)
    __scatterload_null                       0x0800019b   Thumb Code     0  __scatter.o(!!!scatter)
    __scatterload_copy                       0x080001c1   Thumb Code    26  __scatter_copy.o(!!handler_copy)
    __scatterload_zeroinit                   0x080001dd   Thumb Code    28  __scatter_zi.o(!!handler_zi)
    __rt_lib_init                            0x080001f9   Thumb Code     0  libinit.o(.ARM.Collect$$libinit$$00000000)
    __rt_lib_init_fp_1                       0x080001fb   Thumb Code     0  libinit2.o(.ARM.Collect$$libinit$$00000001)
    __rt_lib_init_alloca_1                   0x080001ff   Thumb Code     0  libinit2.o(.ARM.Collect$$libinit$$0000002E)
    __rt_lib_init_argv_1                     0x080001ff   Thumb Code     0  libinit2.o(.ARM.Collect$$libinit$$0000002C)
    __rt_lib_init_atexit_1                   0x080001ff   Thumb Code     0  libinit2.o(.ARM.Collect$$libinit$$0000001B)
    __rt_lib_init_clock_1                    0x080001ff   Thumb Code     0  libinit2.o(.ARM.Collect$$libinit$$00000021)
    __rt_lib_init_cpp_1                      0x080001ff   Thumb Code     0  libinit2.o(.ARM.Collect$$libinit$$00000032)
    __rt_lib_init_exceptions_1               0x080001ff   Thumb Code     0  libinit2.o(.ARM.Collect$$libinit$$00000030)
    __rt_lib_init_fp_trap_1                  0x080001ff   Thumb Code     0  libinit2.o(.ARM.Collect$$libinit$$0000001F)
    __rt_lib_init_getenv_1                   0x080001ff   Thumb Code     0  libinit2.o(.ARM.Collect$$libinit$$00000023)
    __rt_lib_init_heap_1                     0x080001ff   Thumb Code     0  libinit2.o(.ARM.Collect$$libinit$$0000000A)
    __rt_lib_init_lc_collate_1               0x080001ff   Thumb Code     0  libinit2.o(.ARM.Collect$$libinit$$00000011)
    __rt_lib_init_lc_ctype_1                 0x080001ff   Thumb Code     0  libinit2.o(.ARM.Collect$$libinit$$00000013)
    __rt_lib_init_lc_monetary_1              0x080001ff   Thumb Code     0  libinit2.o(.ARM.Collect$$libinit$$00000015)
    __rt_lib_init_lc_numeric_1               0x080001ff   Thumb Code     0  libinit2.o(.ARM.Collect$$libinit$$00000017)
    __rt_lib_init_lc_time_1                  0x080001ff   Thumb Code     0  libinit2.o(.ARM.Collect$$libinit$$00000019)
    __rt_lib_init_preinit_1                  0x080001ff   Thumb Code     0  libinit2.o(.ARM.Collect$$libinit$$00000004)
    __rt_lib_init_rand_1                     0x080001ff   Thumb Code     0  libinit2.o(.ARM.Collect$$libinit$$0000000E)
    __rt_lib_init_return                     0x080001ff   Thumb Code     0  libinit2.o(.ARM.Collect$$libinit$$00000033)
    __rt_lib_init_signal_1                   0x080001ff   Thumb Code     0  libinit2.o(.ARM.Collect$$libinit$$0000001D)
    __rt_lib_init_stdio_1                    0x080001ff   Thumb Code     0  libinit2.o(.ARM.Collect$$libinit$$00000025)
    __rt_lib_init_user_alloc_1               0x080001ff   Thumb Code     0  libinit2.o(.ARM.Collect$$libinit$$0000000C)
    __rt_lib_shutdown                        0x08000201   Thumb Code     0  libshutdown.o(.ARM.Collect$$libshutdown$$00000000)
    __rt_lib_shutdown_cpp_1                  0x08000203   Thumb Code     0  libshutdown2.o(.ARM.Collect$$libshutdown$$00000004)
    __rt_lib_shutdown_fini_1                 0x08000203   Thumb Code     0  libshutdown2.o(.ARM.Collect$$libshutdown$$00000002)
    __rt_lib_shutdown_fp_trap_1              0x08000203   Thumb Code     0  libshutdown2.o(.ARM.Collect$$libshutdown$$00000009)
    __rt_lib_shutdown_heap_1                 0x08000203   Thumb Code     0  libshutdown2.o(.ARM.Collect$$libshutdown$$00000011)
    __rt_lib_shutdown_return                 0x08000203   Thumb Code     0  libshutdown2.o(.ARM.Collect$$libshutdown$$00000012)
    __rt_lib_shutdown_signal_1               0x08000203   Thumb Code     0  libshutdown2.o(.ARM.Collect$$libshutdown$$0000000C)
    __rt_lib_shutdown_stdio_1                0x08000203   Thumb Code     0  libshutdown2.o(.ARM.Collect$$libshutdown$$00000006)
    __rt_lib_shutdown_user_alloc_1           0x08000203   Thumb Code     0  libshutdown2.o(.ARM.Collect$$libshutdown$$0000000E)
    __rt_entry                               0x08000205   Thumb Code     0  __rtentry.o(.ARM.Collect$$rtentry$$00000000)
    __rt_entry_presh_1                       0x08000205   Thumb Code     0  __rtentry2.o(.ARM.Collect$$rtentry$$00000002)
    __rt_entry_sh                            0x08000205   Thumb Code     0  __rtentry4.o(.ARM.Collect$$rtentry$$00000004)
    __rt_entry_li                            0x0800020b   Thumb Code     0  __rtentry2.o(.ARM.Collect$$rtentry$$0000000A)
    __rt_entry_postsh_1                      0x0800020b   Thumb Code     0  __rtentry2.o(.ARM.Collect$$rtentry$$00000009)
    __rt_entry_main                          0x0800020f   Thumb Code     0  __rtentry2.o(.ARM.Collect$$rtentry$$0000000D)
    __rt_entry_postli_1                      0x0800020f   Thumb Code     0  __rtentry2.o(.ARM.Collect$$rtentry$$0000000C)
    __rt_exit                                0x08000217   Thumb Code     0  rtexit.o(.ARM.Collect$$rtexit$$00000000)
    __rt_exit_ls                             0x08000219   Thumb Code     0  rtexit2.o(.ARM.Collect$$rtexit$$00000003)
    __rt_exit_prels_1                        0x08000219   Thumb Code     0  rtexit2.o(.ARM.Collect$$rtexit$$00000002)
    __rt_exit_exit                           0x0800021d   Thumb Code     0  rtexit2.o(.ARM.Collect$$rtexit$$00000004)
    Reset_Handler                            0x08000225   Thumb Code     8  startup_at32f403a_407.o(.text)
    ACC_IRQHandler                           0x0800023f   Thumb Code     0  startup_at32f403a_407.o(.text)
    ADC1_2_IRQHandler                        0x0800023f   Thumb Code     0  startup_at32f403a_407.o(.text)
    ADC3_IRQHandler                          0x0800023f   Thumb Code     0  startup_at32f403a_407.o(.text)
    CAN1_RX1_IRQHandler                      0x0800023f   Thumb Code     0  startup_at32f403a_407.o(.text)
    CAN1_SE_IRQHandler                       0x0800023f   Thumb Code     0  startup_at32f403a_407.o(.text)
    CAN2_RX0_IRQHandler                      0x0800023f   Thumb Code     0  startup_at32f403a_407.o(.text)
    CAN2_RX1_IRQHandler                      0x0800023f   Thumb Code     0  startup_at32f403a_407.o(.text)
    CAN2_SE_IRQHandler                       0x0800023f   Thumb Code     0  startup_at32f403a_407.o(.text)
    CAN2_TX_IRQHandler                       0x0800023f   Thumb Code     0  startup_at32f403a_407.o(.text)
    CRM_IRQHandler                           0x0800023f   Thumb Code     0  startup_at32f403a_407.o(.text)
    DMA1_Channel1_IRQHandler                 0x0800023f   Thumb Code     0  startup_at32f403a_407.o(.text)
    DMA1_Channel2_IRQHandler                 0x0800023f   Thumb Code     0  startup_at32f403a_407.o(.text)
    DMA1_Channel3_IRQHandler                 0x0800023f   Thumb Code     0  startup_at32f403a_407.o(.text)
    DMA1_Channel4_IRQHandler                 0x0800023f   Thumb Code     0  startup_at32f403a_407.o(.text)
    DMA1_Channel5_IRQHandler                 0x0800023f   Thumb Code     0  startup_at32f403a_407.o(.text)
    DMA1_Channel6_IRQHandler                 0x0800023f   Thumb Code     0  startup_at32f403a_407.o(.text)
    DMA1_Channel7_IRQHandler                 0x0800023f   Thumb Code     0  startup_at32f403a_407.o(.text)
    DMA2_Channel1_IRQHandler                 0x0800023f   Thumb Code     0  startup_at32f403a_407.o(.text)
    DMA2_Channel2_IRQHandler                 0x0800023f   Thumb Code     0  startup_at32f403a_407.o(.text)
    DMA2_Channel3_IRQHandler                 0x0800023f   Thumb Code     0  startup_at32f403a_407.o(.text)
    DMA2_Channel4_5_IRQHandler               0x0800023f   Thumb Code     0  startup_at32f403a_407.o(.text)
    DMA2_Channel6_7_IRQHandler               0x0800023f   Thumb Code     0  startup_at32f403a_407.o(.text)
    EMAC_IRQHandler                          0x0800023f   Thumb Code     0  startup_at32f403a_407.o(.text)
    EMAC_WKUP_IRQHandler                     0x0800023f   Thumb Code     0  startup_at32f403a_407.o(.text)
    EXINT0_IRQHandler                        0x0800023f   Thumb Code     0  startup_at32f403a_407.o(.text)
    EXINT15_10_IRQHandler                    0x0800023f   Thumb Code     0  startup_at32f403a_407.o(.text)
    EXINT1_IRQHandler                        0x0800023f   Thumb Code     0  startup_at32f403a_407.o(.text)
    EXINT2_IRQHandler                        0x0800023f   Thumb Code     0  startup_at32f403a_407.o(.text)
    EXINT3_IRQHandler                        0x0800023f   Thumb Code     0  startup_at32f403a_407.o(.text)
    EXINT4_IRQHandler                        0x0800023f   Thumb Code     0  startup_at32f403a_407.o(.text)
    EXINT9_5_IRQHandler                      0x0800023f   Thumb Code     0  startup_at32f403a_407.o(.text)
    FLASH_IRQHandler                         0x0800023f   Thumb Code     0  startup_at32f403a_407.o(.text)
    I2C1_ERR_IRQHandler                      0x0800023f   Thumb Code     0  startup_at32f403a_407.o(.text)
    I2C1_EVT_IRQHandler                      0x0800023f   Thumb Code     0  startup_at32f403a_407.o(.text)
    I2C2_ERR_IRQHandler                      0x0800023f   Thumb Code     0  startup_at32f403a_407.o(.text)
    I2C2_EVT_IRQHandler                      0x0800023f   Thumb Code     0  startup_at32f403a_407.o(.text)
    I2C3_ERR_IRQHandler                      0x0800023f   Thumb Code     0  startup_at32f403a_407.o(.text)
    I2C3_EVT_IRQHandler                      0x0800023f   Thumb Code     0  startup_at32f403a_407.o(.text)
    PVM_IRQHandler                           0x0800023f   Thumb Code     0  startup_at32f403a_407.o(.text)
    RTCAlarm_IRQHandler                      0x0800023f   Thumb Code     0  startup_at32f403a_407.o(.text)
    RTC_IRQHandler                           0x0800023f   Thumb Code     0  startup_at32f403a_407.o(.text)
    SDIO1_IRQHandler                         0x0800023f   Thumb Code     0  startup_at32f403a_407.o(.text)
    SDIO2_IRQHandler                         0x0800023f   Thumb Code     0  startup_at32f403a_407.o(.text)
    SPI1_IRQHandler                          0x0800023f   Thumb Code     0  startup_at32f403a_407.o(.text)
    SPI2_I2S2EXT_IRQHandler                  0x0800023f   Thumb Code     0  startup_at32f403a_407.o(.text)
    SPI3_I2S3EXT_IRQHandler                  0x0800023f   Thumb Code     0  startup_at32f403a_407.o(.text)
    SPI4_IRQHandler                          0x0800023f   Thumb Code     0  startup_at32f403a_407.o(.text)
    TAMPER_IRQHandler                        0x0800023f   Thumb Code     0  startup_at32f403a_407.o(.text)
    TMR1_BRK_TMR9_IRQHandler                 0x0800023f   Thumb Code     0  startup_at32f403a_407.o(.text)
    TMR1_CH_IRQHandler                       0x0800023f   Thumb Code     0  startup_at32f403a_407.o(.text)
    TMR1_OVF_TMR10_IRQHandler                0x0800023f   Thumb Code     0  startup_at32f403a_407.o(.text)
    TMR1_TRG_HALL_TMR11_IRQHandler           0x0800023f   Thumb Code     0  startup_at32f403a_407.o(.text)
    TMR2_GLOBAL_IRQHandler                   0x0800023f   Thumb Code     0  startup_at32f403a_407.o(.text)
    TMR3_GLOBAL_IRQHandler                   0x0800023f   Thumb Code     0  startup_at32f403a_407.o(.text)
    TMR4_GLOBAL_IRQHandler                   0x0800023f   Thumb Code     0  startup_at32f403a_407.o(.text)
    TMR5_GLOBAL_IRQHandler                   0x0800023f   Thumb Code     0  startup_at32f403a_407.o(.text)
    TMR6_GLOBAL_IRQHandler                   0x0800023f   Thumb Code     0  startup_at32f403a_407.o(.text)
    TMR7_GLOBAL_IRQHandler                   0x0800023f   Thumb Code     0  startup_at32f403a_407.o(.text)
    TMR8_BRK_TMR12_IRQHandler                0x0800023f   Thumb Code     0  startup_at32f403a_407.o(.text)
    TMR8_CH_IRQHandler                       0x0800023f   Thumb Code     0  startup_at32f403a_407.o(.text)
    TMR8_OVF_TMR13_IRQHandler                0x0800023f   Thumb Code     0  startup_at32f403a_407.o(.text)
    TMR8_TRG_HALL_TMR14_IRQHandler           0x0800023f   Thumb Code     0  startup_at32f403a_407.o(.text)
    UART4_IRQHandler                         0x0800023f   Thumb Code     0  startup_at32f403a_407.o(.text)
    UART5_IRQHandler                         0x0800023f   Thumb Code     0  startup_at32f403a_407.o(.text)
    UART7_IRQHandler                         0x0800023f   Thumb Code     0  startup_at32f403a_407.o(.text)
    UART8_IRQHandler                         0x0800023f   Thumb Code     0  startup_at32f403a_407.o(.text)
    USART1_IRQHandler                        0x0800023f   Thumb Code     0  startup_at32f403a_407.o(.text)
    USART2_IRQHandler                        0x0800023f   Thumb Code     0  startup_at32f403a_407.o(.text)
    USART3_IRQHandler                        0x0800023f   Thumb Code     0  startup_at32f403a_407.o(.text)
    USART6_IRQHandler                        0x0800023f   Thumb Code     0  startup_at32f403a_407.o(.text)
    USBFSWakeUp_IRQHandler                   0x0800023f   Thumb Code     0  startup_at32f403a_407.o(.text)
    USBFS_H_CAN1_TX_IRQHandler               0x0800023f   Thumb Code     0  startup_at32f403a_407.o(.text)
    USBFS_L_CAN1_RX0_IRQHandler              0x0800023f   Thumb Code     0  startup_at32f403a_407.o(.text)
    USBFS_MAPH_IRQHandler                    0x0800023f   Thumb Code     0  startup_at32f403a_407.o(.text)
    USBFS_MAPL_IRQHandler                    0x0800023f   Thumb Code     0  startup_at32f403a_407.o(.text)
    WWDT_IRQHandler                          0x0800023f   Thumb Code     0  startup_at32f403a_407.o(.text)
    XMC_IRQHandler                           0x0800023f   Thumb Code     0  startup_at32f403a_407.o(.text)
    __user_initial_stackheap                 0x08000241   Thumb Code     0  startup_at32f403a_407.o(.text)
    __use_two_region_memory                  0x08000265   Thumb Code     2  heapauxi.o(.text)
    __rt_heap_escrow$2region                 0x08000267   Thumb Code     2  heapauxi.o(.text)
    __rt_heap_expand$2region                 0x08000269   Thumb Code     2  heapauxi.o(.text)
    __user_setup_stackheap                   0x0800026b   Thumb Code    74  sys_stackheap_outer.o(.text)
    exit                                     0x080002b5   Thumb Code    18  exit.o(.text)
    __user_libspace                          0x080002c9   Thumb Code     8  libspace.o(.text)
    __user_perproc_libspace                  0x080002c9   Thumb Code     0  libspace.o(.text)
    __user_perthread_libspace                0x080002c9   Thumb Code     0  libspace.o(.text)
    _sys_exit                                0x080002d1   Thumb Code     8  sys_exit.o(.text)
    __I$use$semihosting                      0x080002dd   Thumb Code     0  use_no_semi.o(.text)
    __use_no_semihosting_swi                 0x080002dd   Thumb Code     2  use_no_semi.o(.text)
    BusFault_Handler                         0x080002df   Thumb Code     4  at32f403a_407_int.o(i.BusFault_Handler)
    __semihosting_library_function           0x080002df   Thumb Code     0  indicate_semi.o(.text)
    DebugMon_Handler                         0x080002e3   Thumb Code     2  at32f403a_407_int.o(i.DebugMon_Handler)
    HardFault_Handler                        0x080002e5   Thumb Code     4  at32f403a_407_int.o(i.HardFault_Handler)
    MemManage_Handler                        0x080002e9   Thumb Code     4  at32f403a_407_int.o(i.MemManage_Handler)
    NMI_Handler                              0x080002ed   Thumb Code     2  at32f403a_407_int.o(i.NMI_Handler)
    PendSV_Handler                           0x0800032f   Thumb Code     2  at32f403a_407_int.o(i.PendSV_Handler)
    SVC_Handler                              0x08000331   Thumb Code     2  at32f403a_407_int.o(i.SVC_Handler)
    SysTick_Handler                          0x08000333   Thumb Code     2  at32f403a_407_int.o(i.SysTick_Handler)
    SystemInit                               0x08000335   Thumb Code   100  system_at32f403a_407.o(i.SystemInit)
    UsageFault_Handler                       0x080003a5   Thumb Code     4  at32f403a_407_int.o(i.UsageFault_Handler)
    crm_ahb_div_set                          0x080003e1   Thumb Code    14  at32f403a_407_crm.o(i.crm_ahb_div_set)
    crm_apb1_div_set                         0x080003f5   Thumb Code    14  at32f403a_407_crm.o(i.crm_apb1_div_set)
    crm_apb2_div_set                         0x08000409   Thumb Code    14  at32f403a_407_crm.o(i.crm_apb2_div_set)
    crm_auto_step_mode_enable                0x0800041d   Thumb Code    34  at32f403a_407_crm.o(i.crm_auto_step_mode_enable)
    crm_clock_source_enable                  0x08000445   Thumb Code    90  at32f403a_407_crm.o(i.crm_clock_source_enable)
    crm_clocks_freq_get                      0x080004a5   Thumb Code   268  at32f403a_407_crm.o(i.crm_clocks_freq_get)
    crm_flag_get                             0x080005d5   Thumb Code    42  at32f403a_407_crm.o(i.crm_flag_get)
    crm_hext_stable_wait                     0x08000605   Thumb Code    46  at32f403a_407_crm.o(i.crm_hext_stable_wait)
    crm_periph_clock_enable                  0x08000635   Thumb Code    62  at32f403a_407_crm.o(i.crm_periph_clock_enable)
    crm_pll_config                           0x08000679   Thumb Code   118  at32f403a_407_crm.o(i.crm_pll_config)
    crm_reset                                0x080006f5   Thumb Code    80  at32f403a_407_crm.o(i.crm_reset)
    crm_sysclk_switch                        0x0800074d   Thumb Code    54  at32f403a_407_crm.o(i.crm_sysclk_switch)
    crm_sysclk_switch_status_get             0x08000789   Thumb Code    10  at32f403a_407_crm.o(i.crm_sysclk_switch_status_get)
    gpio_default_para_init                   0x08000799   Thumb Code    22  at32f403a_407_gpio.o(i.gpio_default_para_init)
    gpio_init                                0x080007af   Thumb Code   168  at32f403a_407_gpio.o(i.gpio_init)
    gpio_pin_remap_config                    0x08000859   Thumb Code    70  at32f403a_407_gpio.o(i.gpio_pin_remap_config)
    main                                     0x080008a5   Thumb Code    28  main.o(i.main)
    nvic_priority_group_config               0x080008c1   Thumb Code    32  at32f403a_407_misc.o(i.nvic_priority_group_config)
    system_core_clock_update                 0x080008e9   Thumb Code   222  system_at32f403a_407.o(i.system_core_clock_update)
    systick_clock_source_config              0x080009e5   Thumb Code    40  at32f403a_407_misc.o(i.systick_clock_source_config)
    tmr_base_init                            0x08000a0d   Thumb Code    16  at32f403a_407_tmr.o(i.tmr_base_init)
    tmr_channel_value_set                    0x08000a1d   Thumb Code    40  at32f403a_407_tmr.o(i.tmr_channel_value_set)
    tmr_clock_source_div_set                 0x08000a45   Thumb Code    10  at32f403a_407_tmr.o(i.tmr_clock_source_div_set)
    tmr_cnt_dir_set                          0x08000a4f   Thumb Code    10  at32f403a_407_tmr.o(i.tmr_cnt_dir_set)
    tmr_counter_enable                       0x08000a59   Thumb Code    10  at32f403a_407_tmr.o(i.tmr_counter_enable)
    tmr_output_channel_buffer_enable         0x08000a63   Thumb Code    66  at32f403a_407_tmr.o(i.tmr_output_channel_buffer_enable)
    tmr_output_channel_config                0x08000aa5   Thumb Code   416  at32f403a_407_tmr.o(i.tmr_output_channel_config)
    tmr_output_channel_immediately_set       0x08000c45   Thumb Code    66  at32f403a_407_tmr.o(i.tmr_output_channel_immediately_set)
    tmr_period_buffer_enable                 0x08000c87   Thumb Code    10  at32f403a_407_tmr.o(i.tmr_period_buffer_enable)
    tmr_primary_mode_select                  0x08000c91   Thumb Code    10  at32f403a_407_tmr.o(i.tmr_primary_mode_select)
    tmr_sub_sync_mode_set                    0x08000c9b   Thumb Code    10  at32f403a_407_tmr.o(i.tmr_sub_sync_mode_set)
    wk_debug_config                          0x08000ca5   Thumb Code    12  at32f403a_407_wk_config.o(i.wk_debug_config)
    wk_nvic_config                           0x08000cb5   Thumb Code   192  at32f403a_407_wk_config.o(i.wk_nvic_config)
    wk_periph_clock_config                   0x08000d75   Thumb Code    42  at32f403a_407_wk_config.o(i.wk_periph_clock_config)
    wk_system_clock_config                   0x08000da5   Thumb Code   146  at32f403a_407_wk_config.o(i.wk_system_clock_config)
    wk_timebase_init                         0x08000e3d   Thumb Code    60  wk_system.o(i.wk_timebase_init)
    wk_tmr2_init                             0x08000e81   Thumb Code   210  at32f403a_407_wk_config.o(i.wk_tmr2_init)
    _fp_init                                 0x08000f5d   Thumb Code    10  fpinit.o(x$fpl$fpinit)
    __fplib_config_fpu_vfp                   0x08000f65   Thumb Code     0  fpinit.o(x$fpl$fpinit)
    __fplib_config_pureend_doubles           0x08000f65   Thumb Code     0  fpinit.o(x$fpl$fpinit)
    Region$$Table$$Base                      0x08000fa0   Number         0  anon$$obj.o(Region$$Table)
    Region$$Table$$Limit                     0x08000fc0   Number         0  anon$$obj.o(Region$$Table)
    ticks_count_us                           0x20000000   Data           4  wk_system.o(.data)
    system_core_clock                        0x20000004   Data           4  system_at32f403a_407.o(.data)
    __libspace_start                         0x20000008   Data          96  libspace.o(.bss)
    __temporary_stack_top$libspace           0x20000068   Data           0  libspace.o(.bss)



==============================================================================

Memory Map of the image

  Image Entry point : 0x08000185

  Load Region LR_IROM1 (Base: 0x08000000, Size: 0x00000fc8, Max: 0x00100000, ABSOLUTE)

    Execution Region ER_IROM1 (Exec base: 0x08000000, Load base: 0x08000000, Size: 0x00000fc0, Max: 0x00100000, ABSOLUTE)

    Exec Addr    Load Addr    Size         Type   Attr      Idx    E Section Name        Object

    0x08000000   0x08000000   0x00000184   Data   RO         1463    RESET               startup_at32f403a_407.o
    0x08000184   0x08000184   0x00000008   Code   RO         1509  * !!!main             c_w.l(__main.o)
    0x0800018c   0x0800018c   0x00000034   Code   RO         1668    !!!scatter          c_w.l(__scatter.o)
    0x080001c0   0x080001c0   0x0000001a   Code   RO         1670    !!handler_copy      c_w.l(__scatter_copy.o)
    0x080001da   0x080001da   0x00000002   PAD
    0x080001dc   0x080001dc   0x0000001c   Code   RO         1672    !!handler_zi        c_w.l(__scatter_zi.o)
    0x080001f8   0x080001f8   0x00000002   Code   RO         1536    .ARM.Collect$$libinit$$00000000  c_w.l(libinit.o)
    0x080001fa   0x080001fa   0x00000004   Code   RO         1542    .ARM.Collect$$libinit$$00000001  c_w.l(libinit2.o)
    0x080001fe   0x080001fe   0x00000000   Code   RO         1545    .ARM.Collect$$libinit$$00000004  c_w.l(libinit2.o)
    0x080001fe   0x080001fe   0x00000000   Code   RO         1548    .ARM.Collect$$libinit$$0000000A  c_w.l(libinit2.o)
    0x080001fe   0x080001fe   0x00000000   Code   RO         1550    .ARM.Collect$$libinit$$0000000C  c_w.l(libinit2.o)
    0x080001fe   0x080001fe   0x00000000   Code   RO         1552    .ARM.Collect$$libinit$$0000000E  c_w.l(libinit2.o)
    0x080001fe   0x080001fe   0x00000000   Code   RO         1555    .ARM.Collect$$libinit$$00000011  c_w.l(libinit2.o)
    0x080001fe   0x080001fe   0x00000000   Code   RO         1557    .ARM.Collect$$libinit$$00000013  c_w.l(libinit2.o)
    0x080001fe   0x080001fe   0x00000000   Code   RO         1559    .ARM.Collect$$libinit$$00000015  c_w.l(libinit2.o)
    0x080001fe   0x080001fe   0x00000000   Code   RO         1561    .ARM.Collect$$libinit$$00000017  c_w.l(libinit2.o)
    0x080001fe   0x080001fe   0x00000000   Code   RO         1563    .ARM.Collect$$libinit$$00000019  c_w.l(libinit2.o)
    0x080001fe   0x080001fe   0x00000000   Code   RO         1565    .ARM.Collect$$libinit$$0000001B  c_w.l(libinit2.o)
    0x080001fe   0x080001fe   0x00000000   Code   RO         1567    .ARM.Collect$$libinit$$0000001D  c_w.l(libinit2.o)
    0x080001fe   0x080001fe   0x00000000   Code   RO         1569    .ARM.Collect$$libinit$$0000001F  c_w.l(libinit2.o)
    0x080001fe   0x080001fe   0x00000000   Code   RO         1571    .ARM.Collect$$libinit$$00000021  c_w.l(libinit2.o)
    0x080001fe   0x080001fe   0x00000000   Code   RO         1573    .ARM.Collect$$libinit$$00000023  c_w.l(libinit2.o)
    0x080001fe   0x080001fe   0x00000000   Code   RO         1575    .ARM.Collect$$libinit$$00000025  c_w.l(libinit2.o)
    0x080001fe   0x080001fe   0x00000000   Code   RO         1579    .ARM.Collect$$libinit$$0000002C  c_w.l(libinit2.o)
    0x080001fe   0x080001fe   0x00000000   Code   RO         1581    .ARM.Collect$$libinit$$0000002E  c_w.l(libinit2.o)
    0x080001fe   0x080001fe   0x00000000   Code   RO         1583    .ARM.Collect$$libinit$$00000030  c_w.l(libinit2.o)
    0x080001fe   0x080001fe   0x00000000   Code   RO         1585    .ARM.Collect$$libinit$$00000032  c_w.l(libinit2.o)
    0x080001fe   0x080001fe   0x00000002   Code   RO         1586    .ARM.Collect$$libinit$$00000033  c_w.l(libinit2.o)
    0x08000200   0x08000200   0x00000002   Code   RO         1606    .ARM.Collect$$libshutdown$$00000000  c_w.l(libshutdown.o)
    0x08000202   0x08000202   0x00000000   Code   RO         1619    .ARM.Collect$$libshutdown$$00000002  c_w.l(libshutdown2.o)
    0x08000202   0x08000202   0x00000000   Code   RO         1621    .ARM.Collect$$libshutdown$$00000004  c_w.l(libshutdown2.o)
    0x08000202   0x08000202   0x00000000   Code   RO         1623    .ARM.Collect$$libshutdown$$00000006  c_w.l(libshutdown2.o)
    0x08000202   0x08000202   0x00000000   Code   RO         1626    .ARM.Collect$$libshutdown$$00000009  c_w.l(libshutdown2.o)
    0x08000202   0x08000202   0x00000000   Code   RO         1629    .ARM.Collect$$libshutdown$$0000000C  c_w.l(libshutdown2.o)
    0x08000202   0x08000202   0x00000000   Code   RO         1631    .ARM.Collect$$libshutdown$$0000000E  c_w.l(libshutdown2.o)
    0x08000202   0x08000202   0x00000000   Code   RO         1634    .ARM.Collect$$libshutdown$$00000011  c_w.l(libshutdown2.o)
    0x08000202   0x08000202   0x00000002   Code   RO         1635    .ARM.Collect$$libshutdown$$00000012  c_w.l(libshutdown2.o)
    0x08000204   0x08000204   0x00000000   Code   RO         1511    .ARM.Collect$$rtentry$$00000000  c_w.l(__rtentry.o)
    0x08000204   0x08000204   0x00000000   Code   RO         1513    .ARM.Collect$$rtentry$$00000002  c_w.l(__rtentry2.o)
    0x08000204   0x08000204   0x00000006   Code   RO         1525    .ARM.Collect$$rtentry$$00000004  c_w.l(__rtentry4.o)
    0x0800020a   0x0800020a   0x00000000   Code   RO         1515    .ARM.Collect$$rtentry$$00000009  c_w.l(__rtentry2.o)
    0x0800020a   0x0800020a   0x00000004   Code   RO         1516    .ARM.Collect$$rtentry$$0000000A  c_w.l(__rtentry2.o)
    0x0800020e   0x0800020e   0x00000000   Code   RO         1518    .ARM.Collect$$rtentry$$0000000C  c_w.l(__rtentry2.o)
    0x0800020e   0x0800020e   0x00000008   Code   RO         1519    .ARM.Collect$$rtentry$$0000000D  c_w.l(__rtentry2.o)
    0x08000216   0x08000216   0x00000002   Code   RO         1540    .ARM.Collect$$rtexit$$00000000  c_w.l(rtexit.o)
    0x08000218   0x08000218   0x00000000   Code   RO         1588    .ARM.Collect$$rtexit$$00000002  c_w.l(rtexit2.o)
    0x08000218   0x08000218   0x00000004   Code   RO         1589    .ARM.Collect$$rtexit$$00000003  c_w.l(rtexit2.o)
    0x0800021c   0x0800021c   0x00000006   Code   RO         1590    .ARM.Collect$$rtexit$$00000004  c_w.l(rtexit2.o)
    0x08000222   0x08000222   0x00000002   PAD
    0x08000224   0x08000224   0x00000040   Code   RO         1464    .text               startup_at32f403a_407.o
    0x08000264   0x08000264   0x00000006   Code   RO         1507    .text               c_w.l(heapauxi.o)
    0x0800026a   0x0800026a   0x0000004a   Code   RO         1527    .text               c_w.l(sys_stackheap_outer.o)
    0x080002b4   0x080002b4   0x00000012   Code   RO         1529    .text               c_w.l(exit.o)
    0x080002c6   0x080002c6   0x00000002   PAD
    0x080002c8   0x080002c8   0x00000008   Code   RO         1537    .text               c_w.l(libspace.o)
    0x080002d0   0x080002d0   0x0000000c   Code   RO         1598    .text               c_w.l(sys_exit.o)
    0x080002dc   0x080002dc   0x00000002   Code   RO         1609    .text               c_w.l(use_no_semi.o)
    0x080002de   0x080002de   0x00000000   Code   RO         1611    .text               c_w.l(indicate_semi.o)
    0x080002de   0x080002de   0x00000004   Code   RO          157    i.BusFault_Handler  at32f403a_407_int.o
    0x080002e2   0x080002e2   0x00000002   Code   RO          158    i.DebugMon_Handler  at32f403a_407_int.o
    0x080002e4   0x080002e4   0x00000004   Code   RO          159    i.HardFault_Handler  at32f403a_407_int.o
    0x080002e8   0x080002e8   0x00000004   Code   RO          160    i.MemManage_Handler  at32f403a_407_int.o
    0x080002ec   0x080002ec   0x00000002   Code   RO          161    i.NMI_Handler       at32f403a_407_int.o
    0x080002ee   0x080002ee   0x00000040   Code   RO           90    i.NVIC_EncodePriority  at32f403a_407_wk_config.o
    0x0800032e   0x0800032e   0x00000002   Code   RO          162    i.PendSV_Handler    at32f403a_407_int.o
    0x08000330   0x08000330   0x00000002   Code   RO          163    i.SVC_Handler       at32f403a_407_int.o
    0x08000332   0x08000332   0x00000002   Code   RO          164    i.SysTick_Handler   at32f403a_407_int.o
    0x08000334   0x08000334   0x00000070   Code   RO         1471    i.SystemInit        system_at32f403a_407.o
    0x080003a4   0x080003a4   0x00000004   Code   RO          165    i.UsageFault_Handler  at32f403a_407_int.o
    0x080003a8   0x080003a8   0x00000010   Code   RO           91    i.__NVIC_GetPriorityGrouping  at32f403a_407_wk_config.o
    0x080003b8   0x080003b8   0x00000028   Code   RO           92    i.__NVIC_SetPriority  at32f403a_407_wk_config.o
    0x080003e0   0x080003e0   0x00000014   Code   RO          271    i.crm_ahb_div_set   at32f403a_407_crm.o
    0x080003f4   0x080003f4   0x00000014   Code   RO          272    i.crm_apb1_div_set  at32f403a_407_crm.o
    0x08000408   0x08000408   0x00000014   Code   RO          273    i.crm_apb2_div_set  at32f403a_407_crm.o
    0x0800041c   0x0800041c   0x00000028   Code   RO          274    i.crm_auto_step_mode_enable  at32f403a_407_crm.o
    0x08000444   0x08000444   0x00000060   Code   RO          280    i.crm_clock_source_enable  at32f403a_407_crm.o
    0x080004a4   0x080004a4   0x00000130   Code   RO          281    i.crm_clocks_freq_get  at32f403a_407_crm.o
    0x080005d4   0x080005d4   0x00000030   Code   RO          283    i.crm_flag_get      at32f403a_407_crm.o
    0x08000604   0x08000604   0x0000002e   Code   RO          286    i.crm_hext_stable_wait  at32f403a_407_crm.o
    0x08000632   0x08000632   0x00000002   PAD
    0x08000634   0x08000634   0x00000044   Code   RO          294    i.crm_periph_clock_enable  at32f403a_407_crm.o
    0x08000678   0x08000678   0x0000007c   Code   RO          297    i.crm_pll_config    at32f403a_407_crm.o
    0x080006f4   0x080006f4   0x00000058   Code   RO          298    i.crm_reset         at32f403a_407_crm.o
    0x0800074c   0x0800074c   0x0000003c   Code   RO          301    i.crm_sysclk_switch  at32f403a_407_crm.o
    0x08000788   0x08000788   0x00000010   Code   RO          302    i.crm_sysclk_switch_status_get  at32f403a_407_crm.o
    0x08000798   0x08000798   0x00000016   Code   RO          862    i.gpio_default_para_init  at32f403a_407_gpio.o
    0x080007ae   0x080007ae   0x000000a8   Code   RO          866    i.gpio_init         at32f403a_407_gpio.o
    0x08000856   0x08000856   0x00000002   PAD
    0x08000858   0x08000858   0x0000004c   Code   RO          872    i.gpio_pin_remap_config  at32f403a_407_gpio.o
    0x080008a4   0x080008a4   0x0000001c   Code   RO            4    i.main              main.o
    0x080008c0   0x080008c0   0x00000028   Code   RO         1373    i.nvic_priority_group_config  at32f403a_407_misc.o
    0x080008e8   0x080008e8   0x000000fc   Code   RO         1472    i.system_core_clock_update  system_at32f403a_407.o
    0x080009e4   0x080009e4   0x00000028   Code   RO         1376    i.systick_clock_source_config  at32f403a_407_misc.o
    0x08000a0c   0x08000a0c   0x00000010   Code   RO          506    i.tmr_base_init     at32f403a_407_tmr.o
    0x08000a1c   0x08000a1c   0x00000028   Code   RO          514    i.tmr_channel_value_set  at32f403a_407_tmr.o
    0x08000a44   0x08000a44   0x0000000a   Code   RO          515    i.tmr_clock_source_div_set  at32f403a_407_tmr.o
    0x08000a4e   0x08000a4e   0x0000000a   Code   RO          516    i.tmr_cnt_dir_set   at32f403a_407_tmr.o
    0x08000a58   0x08000a58   0x0000000a   Code   RO          517    i.tmr_counter_enable  at32f403a_407_tmr.o
    0x08000a62   0x08000a62   0x00000042   Code   RO          541    i.tmr_output_channel_buffer_enable  at32f403a_407_tmr.o
    0x08000aa4   0x08000aa4   0x000001a0   Code   RO          542    i.tmr_output_channel_config  at32f403a_407_tmr.o
    0x08000c44   0x08000c44   0x00000042   Code   RO          543    i.tmr_output_channel_immediately_set  at32f403a_407_tmr.o
    0x08000c86   0x08000c86   0x0000000a   Code   RO          551    i.tmr_period_buffer_enable  at32f403a_407_tmr.o
    0x08000c90   0x08000c90   0x0000000a   Code   RO          554    i.tmr_primary_mode_select  at32f403a_407_tmr.o
    0x08000c9a   0x08000c9a   0x0000000a   Code   RO          559    i.tmr_sub_sync_mode_set  at32f403a_407_tmr.o
    0x08000ca4   0x08000ca4   0x00000010   Code   RO           93    i.wk_debug_config   at32f403a_407_wk_config.o
    0x08000cb4   0x08000cb4   0x000000c0   Code   RO           94    i.wk_nvic_config    at32f403a_407_wk_config.o
    0x08000d74   0x08000d74   0x00000030   Code   RO           95    i.wk_periph_clock_config  at32f403a_407_wk_config.o
    0x08000da4   0x08000da4   0x00000098   Code   RO           96    i.wk_system_clock_config  at32f403a_407_wk_config.o
    0x08000e3c   0x08000e3c   0x00000044   Code   RO          234    i.wk_timebase_init  wk_system.o
    0x08000e80   0x08000e80   0x000000dc   Code   RO           97    i.wk_tmr2_init      at32f403a_407_wk_config.o
    0x08000f5c   0x08000f5c   0x0000000a   Code   RO         1596    x$fpl$fpinit        fz_wm.l(fpinit.o)
    0x08000f66   0x08000f66   0x00000028   Data   RO          306    .constdata          at32f403a_407_crm.o
    0x08000f8e   0x08000f8e   0x00000010   Data   RO         1473    .constdata          system_at32f403a_407.o
    0x08000f9e   0x08000f9e   0x00000002   PAD
    0x08000fa0   0x08000fa0   0x00000020   Data   RO         1666    Region$$Table       anon$$obj.o


    Execution Region RW_IRAM1 (Exec base: 0x20000000, Load base: 0x08000fc0, Size: 0x00000668, Max: 0x00018000, ABSOLUTE)

    Exec Addr    Load Addr    Size         Type   Attr      Idx    E Section Name        Object

    0x20000000   0x08000fc0   0x00000004   Data   RW          235    .data               wk_system.o
    0x20000004   0x08000fc4   0x00000004   Data   RW         1474    .data               system_at32f403a_407.o
    0x20000008        -       0x00000060   Zero   RW         1538    .bss                c_w.l(libspace.o)
    0x20000068        -       0x00000200   Zero   RW         1462    HEAP                startup_at32f403a_407.o
    0x20000268        -       0x00000400   Zero   RW         1461    STACK               startup_at32f403a_407.o


==============================================================================

Image component sizes


      Code (inc. data)   RO Data    RW Data    ZI Data      Debug   Object Name

       950        110         40          0          0       9216   at32f403a_407_crm.o
       266          6          0          0          0       2877   at32f403a_407_gpio.o
        26          0          0          0          0       4638   at32f403a_407_int.o
        80          8          0          0          0      31550   at32f403a_407_misc.o
       664          0          0          0          0       8255   at32f403a_407_tmr.o
       748         40          0          0          0      34915   at32f403a_407_wk_config.o
        28          0          0          0          0      47715   main.o
        64         26        388          0       1536        868   startup_at32f403a_407.o
       364         42         16          4          0       2392   system_at32f403a_407.o
        68          8          0          4          0       1308   wk_system.o

    ----------------------------------------------------------------------
      3262        240        478          8       1536     143734   Object Totals
         0          0         32          0          0          0   (incl. Generated)
         4          0          2          0          0          0   (incl. Padding)

    ----------------------------------------------------------------------

      Code (inc. data)   RO Data    RW Data    ZI Data      Debug   Library Member Name

         8          0          0          0          0         68   __main.o
         0          0          0          0          0          0   __rtentry.o
        12          0          0          0          0          0   __rtentry2.o
         6          0          0          0          0          0   __rtentry4.o
        52          8          0          0          0          0   __scatter.o
        26          0          0          0          0          0   __scatter_copy.o
        28          0          0          0          0          0   __scatter_zi.o
        18          0          0          0          0         80   exit.o
         6          0          0          0          0        152   heapauxi.o
         0          0          0          0          0          0   indicate_semi.o
         2          0          0          0          0          0   libinit.o
         6          0          0          0          0          0   libinit2.o
         2          0          0          0          0          0   libshutdown.o
         2          0          0          0          0          0   libshutdown2.o
         8          4          0          0         96         68   libspace.o
         2          0          0          0          0          0   rtexit.o
        10          0          0          0          0          0   rtexit2.o
        12          4          0          0          0         68   sys_exit.o
        74          0          0          0          0         80   sys_stackheap_outer.o
         2          0          0          0          0         68   use_no_semi.o
        10          0          0          0          0        116   fpinit.o

    ----------------------------------------------------------------------
       292         16          0          0         96        700   Library Totals
         6          0          0          0          0          0   (incl. Padding)

    ----------------------------------------------------------------------

      Code (inc. data)   RO Data    RW Data    ZI Data      Debug   Library Name

       276         16          0          0         96        584   c_w.l
        10          0          0          0          0        116   fz_wm.l

    ----------------------------------------------------------------------
       292         16          0          0         96        700   Library Totals

    ----------------------------------------------------------------------

==============================================================================


      Code (inc. data)   RO Data    RW Data    ZI Data      Debug   

      3554        256        478          8       1632     139878   Grand Totals
      3554        256        478          8       1632     139878   ELF Image Totals
      3554        256        478          8          0          0   ROM Totals

==============================================================================

    Total RO  Size (Code + RO Data)                 4032 (   3.94kB)
    Total RW  Size (RW Data + ZI Data)              1640 (   1.60kB)
    Total ROM Size (Code + RO Data + RW Data)       4040 (   3.95kB)

==============================================================================

